ipu_common.c:150:12:clk_ipu_enable	0	static
ipu_common.c:172:13:clk_ipu_disable	0	static
ipu_common.c:352:12:ipu_pixel_clk_enable	0	static
ipu_common.c:361:13:ipu_pixel_clk_disable	0	static
ipu_common.c:289:22:ipu_pixel_clk_round_rate	48	static
ipu_common.c:323:12:ipu_pixel_clk_set_rate	32	static
ipu_common.c:273:13:ipu_pixel_clk_recalc	24	static
ipu_common.c:369:12:ipu_pixel_clk_set_parent	8	static
ipu_common.c:84:6:clk_enable	0	static
ipu_common.c:93:6:clk_disable	0	static
ipu_common.c:103:5:clk_get_usecount	0	static
ipu_common.c:111:5:clk_get_rate	0	static
ipu_common.c:119:13:clk_get_parent	0	static
ipu_common.c:127:5:clk_set_rate	8	static
ipu_common.c:134:6:clk_round_rate	0	static
ipu_common.c:142:5:clk_set_parent	0	static
ipu_common.c:413:6:ipu_reset	16	static
ipu_common.c:442:5:ipu_probe	16	static
ipu_common.c:506:6:ipu_dump_registers	0	static
ipu_common.c:552:9:ipu_init_channel	24	static
ipu_common.c:641:6:ipu_uninit_channel	32	static
ipu_common.c:1040:9:ipu_enable_channel	16	static
ipu_common.c:1084:6:ipu_clear_buffer_ready	0	static
ipu_common.c:1118:9:ipu_disable_channel	24	static
ipu_common.c:1172:10:bytes_per_pixel	0	static
ipu_common.c:984:9:ipu_init_channel_buffer	96	static
ipu_common.c:1205:19:format_to_colorspace	0	static
