Archive member included because of file (symbol)

/opt/gcc-linaro-arm-linux-gnueabihf-4.9-2014.09_linux/bin/../lib/gcc/arm-linux-gnueabihf/4.9.2/libgcc.a(_udivsi3.o)
                              arch/arm/cpu/armv7/mx6/built-in.o (__aeabi_uidiv)
/opt/gcc-linaro-arm-linux-gnueabihf-4.9-2014.09_linux/bin/../lib/gcc/arm-linux-gnueabihf/4.9.2/libgcc.a(_divsi3.o)
                              common/built-in.o (__aeabi_idiv)
/opt/gcc-linaro-arm-linux-gnueabihf-4.9-2014.09_linux/bin/../lib/gcc/arm-linux-gnueabihf/4.9.2/libgcc.a(_lshrdi3.o)
                              common/built-in.o (__aeabi_llsr)
/opt/gcc-linaro-arm-linux-gnueabihf-4.9-2014.09_linux/bin/../lib/gcc/arm-linux-gnueabihf/4.9.2/libgcc.a(_ashldi3.o)
                              drivers/mmc/built-in.o (__aeabi_llsl)
/opt/gcc-linaro-arm-linux-gnueabihf-4.9-2014.09_linux/bin/../lib/gcc/arm-linux-gnueabihf/4.9.2/libgcc.a(_dvmd_lnx.o)
                              /opt/gcc-linaro-arm-linux-gnueabihf-4.9-2014.09_linux/bin/../lib/gcc/arm-linux-gnueabihf/4.9.2/libgcc.a(_udivsi3.o) (__aeabi_idiv0)

Discarded input sections

 .data          0x00000000        0x0 arch/arm/cpu/armv7/start.o
 .bss           0x00000000        0x0 arch/arm/cpu/armv7/start.o
 .text.__v7_outer_cache_enable
                0x00000000        0x4 arch/arm/cpu/armv7/built-in.o
 .text.__v7_outer_cache_disable
                0x00000000        0x4 arch/arm/cpu/armv7/built-in.o
 .text.__v7_outer_cache_flush_all
                0x00000000        0x4 arch/arm/cpu/armv7/built-in.o
 .text.__v7_outer_cache_inval_all
                0x00000000        0x4 arch/arm/cpu/armv7/built-in.o
 .text.__v7_outer_cache_flush_range
                0x00000000        0x4 arch/arm/cpu/armv7/built-in.o
 .text.__v7_outer_cache_inval_range
                0x00000000        0x4 arch/arm/cpu/armv7/built-in.o
 .text.sdelay   0x00000000        0xc arch/arm/cpu/armv7/built-in.o
 .text.sr32     0x00000000       0x20 arch/arm/cpu/armv7/built-in.o
 .text.wait_on_value
                0x00000000       0x34 arch/arm/cpu/armv7/built-in.o
 .data          0x00000000        0x0 arch/arm/cpu/armv7/built-in.o
 .bss           0x00000000        0x0 arch/arm/cpu/armv7/built-in.o
 .text          0x00000000        0x0 arch/arm/cpu/armv7/mx6/built-in.o
 .text.get_boot_device
                0x00000000       0x9c arch/arm/cpu/armv7/mx6/built-in.o
 .text.set_arm_freq_400M
                0x00000000       0x2c arch/arm/cpu/armv7/mx6/built-in.o
 .text.enable_enet_pll
                0x00000000       0x68 arch/arm/cpu/armv7/mx6/built-in.o
 .text.enable_fec_anatop_clock
                0x00000000       0xb0 arch/arm/cpu/armv7/mx6/built-in.o
 .text.enable_sata_clock
                0x00000000       0x1c arch/arm/cpu/armv7/mx6/built-in.o
 .text.enable_pcie_clock
                0x00000000       0x5c arch/arm/cpu/armv7/mx6/built-in.o
 .data          0x00000000        0x0 arch/arm/cpu/armv7/mx6/built-in.o
 .bss           0x00000000        0x0 arch/arm/cpu/armv7/mx6/built-in.o
 .text          0x00000000        0x0 arch/arm/imx-common/built-in.o
 .text.imx_ddr_size
                0x00000000       0x5c arch/arm/imx-common/built-in.o
 .text.mxs_wait_mask_set
                0x00000000       0x40 arch/arm/imx-common/built-in.o
 .text.mxs_wait_mask_clr
                0x00000000       0x3c arch/arm/imx-common/built-in.o
 .text.mxs_reset_block
                0x00000000       0x90 arch/arm/imx-common/built-in.o
 .rodata.col_lookup
                0x00000000        0x8 arch/arm/imx-common/built-in.o
 .rodata.bank_lookup
                0x00000000        0x2 arch/arm/imx-common/built-in.o
 .data          0x00000000        0x0 arch/arm/imx-common/built-in.o
 .bss           0x00000000        0x0 arch/arm/imx-common/built-in.o
 .text.__flush_cache
                0x00000000        0x4 arch/arm/lib/built-in.o
 .text.__flush_dcache_all
                0x00000000        0xc arch/arm/lib/built-in.o
 .text.__enable_caches
                0x00000000        0xc arch/arm/lib/built-in.o
 .text.__arm_init_before_mmu
                0x00000000        0x4 arch/arm/lib/built-in.o
 .text.__mmu_page_table_flush
                0x00000000        0x4 arch/arm/lib/built-in.o
 .rodata.pl310  0x00000000        0x4 arch/arm/lib/built-in.o
 .data          0x00000000        0x0 arch/arm/lib/built-in.o
 .bss           0x00000000        0x0 arch/arm/lib/built-in.o
 .text          0x00000000        0x0 board/freescale/mx6sabresd/built-in.o
 .text.mmc_map_to_kernel_blk
                0x00000000        0x8 board/freescale/mx6sabresd/built-in.o
 .rodata.ecspi1_pads
                0x00000000       0x20 board/freescale/mx6sabresd/built-in.o
 .data          0x00000000        0x0 board/freescale/mx6sabresd/built-in.o
 .bss           0x00000000        0x0 board/freescale/mx6sabresd/built-in.o
 .text          0x00000000        0x0 common/built-in.o
 .text.parse_line
                0x00000000       0x88 common/built-in.o
 .text.cmd_process_error
[...]
Memory Configuration

Name             Origin             Length             Attributes
*default*        0x00000000         0xffffffff

Linker script and memory map

Address of section .text set to 0x17800000
                0x00000000                . = 0x0
                0x00000000                . = ALIGN (0x4)

.text           0x17800000    0x34d9c
 *(.__image_copy_start)
 .__image_copy_start
                0x17800000        0x0 arch/arm/lib/built-in.o
                0x17800000                __image_copy_start
 arch/arm/cpu/armv7/start.o(.text*)
 .text          0x17800000      0x3c0 arch/arm/cpu/armv7/start.o
                0x17800000                _start
                0x17800020                _undefined_instruction
                0x17800024                _software_interrupt
                0x17800028                _prefetch_abort
                0x1780002c                _data_abort
                0x17800030                _not_used
                0x17800034                _irq
                0x17800038                _fiq
                0x17800040                _end_vect
                0x17800040                IRQ_STACK_START_IN
                0x17800084                c_runtime_cpu_setup
                0x1780009c                save_boot_params
                0x178000a0                cpu_init_cp15
                0x17800108                cpu_init_crit
 *(.text*)
 .text          0x178003c0       0x24 arch/arm/cpu/armv7/built-in.o
                0x178003c0                lowlevel_init
 .text.v7_maint_dcache_all
                0x178003e4       0xd0 arch/arm/cpu/armv7/built-in.o
 .text.invalidate_icache_all
                0x178004b4       0x18 arch/arm/cpu/armv7/built-in.o
                0x178004b4                invalidate_icache_all
 .text.flush_dcache_all
                0x178004cc       0x14 arch/arm/cpu/armv7/built-in.o
                0x178004cc                flush_dcache_all
 .text.invalidate_dcache_all
                0x178004e0       0x14 arch/arm/cpu/armv7/built-in.o
                0x178004e0                invalidate_dcache_all
 .text.arm_init_before_mmu
                0x178004f4       0x28 arch/arm/cpu/armv7/built-in.o
                0x178004f4                arm_init_before_mmu
 .text.flush_dcache_range
                0x1780051c       0x3c arch/arm/cpu/armv7/built-in.o
                0x1780051c                flush_dcache_range
 .text.mmu_page_table_flush
                0x17800558       0x24 arch/arm/cpu/armv7/built-in.o
                0x17800558                mmu_page_table_flush
 .text.flush_cache
                0x1780057c        0x8 arch/arm/cpu/armv7/built-in.o
                0x1780057c                flush_cache
 .text.invalidate_dcache_range
                0x17800584       0xac arch/arm/cpu/armv7/built-in.o
                0x17800584                invalidate_dcache_range
 .text.cpu_cache_initialization
                0x17800630        0x4 arch/arm/cpu/armv7/built-in.o
                0x17800630                cpu_cache_initialization
 .text.cleanup_before_linux
                0x17800634       0x28 arch/arm/cpu/armv7/built-in.o
                0x17800634                cleanup_before_linux
 .text.read_cpu_temperature
                0x1780065c      0x190 arch/arm/cpu/armv7/mx6/built-in.o
 .text.get_cpu_rev
                0x178007ec       0x60 arch/arm/cpu/armv7/mx6/built-in.o
                0x178007ec                get_cpu_rev
 .text.get_board_rev
                0x1780084c       0x30 arch/arm/cpu/armv7/mx6/built-in.o
                0x1780084c                get_board_rev
 .text.init_aips
                0x1780087c       0x58 arch/arm/cpu/armv7/mx6/built-in.o
                0x1780087c                init_aips
 .text.check_cpu_temperature
                0x178008d4       0x7c arch/arm/cpu/armv7/mx6/built-in.o
                0x178008d4                check_cpu_temperature
 .text.arch_cpu_init
                0x17800950      0x110 arch/arm/cpu/armv7/mx6/built-in.o
                0x17800950                arch_cpu_init
 .text.board_postclk_init
                0x17800a60       0x58 arch/arm/cpu/armv7/mx6/built-in.o
                0x17800a60                board_postclk_init
 .text.enable_caches
                0x17800ab8       0x34 arch/arm/cpu/armv7/mx6/built-in.o
                0x17800ab8                enable_caches
 .text.imx_get_mac_from_fuse
                0x17800aec       0x3c arch/arm/cpu/armv7/mx6/built-in.o
                0x17800aec                imx_get_mac_from_fuse
 .text.boot_mode_apply
                0x17800b28       0x24 arch/arm/cpu/armv7/mx6/built-in.o
                0x17800b28                boot_mode_apply
 .text.s_init   0x17800b4c       0x78 arch/arm/cpu/armv7/mx6/built-in.o
                0x17800b4c                s_init
 .text.check_ldo_bypass
                0x17800bc4       0x78 arch/arm/cpu/armv7/mx6/built-in.o
                0x17800bc4                check_ldo_bypass
 .text.check_1_2G
                0x17800c3c       0x5c arch/arm/cpu/armv7/mx6/built-in.o
                0x17800c3c                check_1_2G
 .text.prep_anatop_bypass
                0x17800c98       0x6c arch/arm/cpu/armv7/mx6/built-in.o
                0x17800c98                prep_anatop_bypass
 .text.set_wdog_reset
                0x17800d04       0x18 arch/arm/cpu/armv7/mx6/built-in.o
                0x17800d04                set_wdog_reset
 .text.set_anatop_bypass
                0x17800d1c       0x50 arch/arm/cpu/armv7/mx6/built-in.o
                0x17800d1c                set_anatop_bypass
 .text.finish_anatop_bypass
                0x17800d6c       0x24 arch/arm/cpu/armv7/mx6/built-in.o
                0x17800d6c                finish_anatop_bypass
 .text.imx_enable_hdmi_phy
                0x17800d90       0x4c arch/arm/cpu/armv7/mx6/built-in.o
                0x17800d90                imx_enable_hdmi_phy
 .text.imx_setup_hdmi
                0x17800ddc       0x78 arch/arm/cpu/armv7/mx6/built-in.o
                0x17800ddc                imx_setup_hdmi
 .text.v7_outer_cache_enable
                0x17800e54       0x4c arch/arm/cpu/armv7/mx6/built-in.o
                0x17800e54                v7_outer_cache_enable
 .text.v7_outer_cache_disable
                0x17800ea0       0x18 arch/arm/cpu/armv7/mx6/built-in.o
                0x17800ea0                v7_outer_cache_disable
 .text.get_ipg_clk
                0x17800eb8       0x28 arch/arm/cpu/armv7/mx6/built-in.o
 .text.get_uart_clk
                0x17800ee0       0x54 arch/arm/cpu/armv7/mx6/built-in.o
 .text.get_cspi_clk
                0x17800f34       0x48 arch/arm/cpu/armv7/mx6/built-in.o
 .text.mxc_get_pll_pfd
                0x17800f7c       0xa0 arch/arm/cpu/armv7/mx6/built-in.o
 .text.get_usdhc_clk
                0x1780101c       0x8c arch/arm/cpu/armv7/mx6/built-in.o
 .text.enable_ocotp_clk
                0x178010a8       0x24 arch/arm/cpu/armv7/mx6/built-in.o
                0x178010a8                enable_ocotp_clk
 .text.enable_usboh3_clk
                0x178010cc       0x24 arch/arm/cpu/armv7/mx6/built-in.o
                0x178010cc                enable_usboh3_clk
 .text.enable_i2c_clk
                0x178010f0       0x48 arch/arm/cpu/armv7/mx6/built-in.o
                0x178010f0                enable_i2c_clk
 .text.get_periph_clk
                0x17801138       0xb4 arch/arm/cpu/armv7/mx6/built-in.o
                0x17801138                get_periph_clk
 .text.get_axi_clk
                0x178011ec       0x4c arch/arm/cpu/armv7/mx6/built-in.o
 .text.get_emi_slow_clk
                0x17801238       0x78 arch/arm/cpu/armv7/mx6/built-in.o
 .text.get_mmdc_ch0_clk
                0x178012b0       0x28 arch/arm/cpu/armv7/mx6/built-in.o
 .text.do_mx6_showclocks
                0x178012d8      0x240 arch/arm/cpu/armv7/mx6/built-in.o
                0x178012d8                do_mx6_showclocks
 .text.imx_get_uartclk
                0x17801518        0x4 arch/arm/cpu/armv7/mx6/built-in.o
                0x17801518                imx_get_uartclk
 .text.imx_get_fecclk
                0x1780151c        0x4 arch/arm/cpu/armv7/mx6/built-in.o
                0x1780151c                imx_get_fecclk
 .text.mxc_get_clock
                0x17801520      0x118 arch/arm/cpu/armv7/mx6/built-in.o
                0x17801520                mxc_get_clock
 .text.enable_ipu_clock
                0x17801638       0x18 arch/arm/cpu/armv7/mx6/built-in.o
                0x17801638                enable_ipu_clock
 .text.imx_iomux_v3_setup_pad
                0x17801650       0xb8 arch/arm/imx-common/built-in.o
                0x17801650                imx_iomux_v3_setup_pad
 .text.imx_iomux_v3_setup_multiple_pads
                0x17801708       0x2c arch/arm/imx-common/built-in.o
                0x17801708                imx_iomux_v3_setup_multiple_pads
 .text.mxc_iomux_set_gpr_register
                0x17801734       0x3c arch/arm/imx-common/built-in.o
                0x17801734                mxc_iomux_set_gpr_register
 .text.timer_init
                0x17801770      0x10c arch/arm/imx-common/built-in.o
                0x17801770                timer_init
 .text.get_ticks
                0x1780187c       0x44 arch/arm/imx-common/built-in.o
                0x1780187c                get_ticks
 .text.get_timer_masked
                0x178018c0       0xe0 arch/arm/imx-common/built-in.o
                0x178018c0                get_timer_masked
 .text.get_timer
                0x178019a0       0x14 arch/arm/imx-common/built-in.o
                0x178019a0                get_timer
 .text.__udelay
                0x178019b4      0x118 arch/arm/imx-common/built-in.o
                0x178019b4                __udelay
 .text.get_tbclk
                0x17801acc       0x84 arch/arm/imx-common/built-in.o
                0x17801acc                get_tbclk
 .text.get_reset_cause
                0x17801b50       0xbc arch/arm/imx-common/built-in.o
                0x17801b50                get_reset_cause
 .text.get_imx_type
                0x17801c0c       0x20 arch/arm/imx-common/built-in.o
                0x17801c0c                get_imx_type
 .text.print_cpuinfo
                0x17801c2c       0x70 arch/arm/imx-common/built-in.o
                0x17801c2c                print_cpuinfo
 .text.cpu_eth_init
                0x17801c9c        0x4 arch/arm/imx-common/built-in.o
                0x17801c9c                cpu_eth_init
 .text.cpu_mmc_init
                0x17801ca0        0x4 arch/arm/imx-common/built-in.o
                0x17801ca0                cpu_mmc_init
 .text.get_ahb_clk
                0x17801ca4       0x24 arch/arm/imx-common/built-in.o
                0x17801ca4                get_ahb_clk
 .text.arch_preboot_os
                0x17801cc8       0x14 arch/arm/imx-common/built-in.o
                0x17801cc8                arch_preboot_os
 .text.get_clocks
                0x17801cdc       0x1c arch/arm/imx-common/built-in.o
                0x17801cdc                get_clocks
 .text.force_idle_bus
                0x17801cf8      0x1c4 arch/arm/imx-common/built-in.o
 .text.setup_i2c
                0x17801ebc       0x5c arch/arm/imx-common/built-in.o
                0x17801ebc                setup_i2c
 .text.create_usage
                0x17801f18       0xa0 arch/arm/imx-common/built-in.o
 .text.do_boot_mode
                0x17801fb8       0xcc arch/arm/imx-common/built-in.o
 .text.add_board_boot_modes
                0x17802084       0x60 arch/arm/imx-common/built-in.o
                0x17802084                add_board_boot_modes
 .text          0x178020e4       0xe8 arch/arm/lib/built-in.o
                0x178020e4                _main
                0x17802168                relocate_code
 .text.arch_fixup_memory_node
                0x178021cc       0x38 arch/arm/lib/built-in.o
                0x178021cc                arch_fixup_memory_node
 .text.boot_jump_linux
                0x17802204       0xb8 arch/arm/lib/built-in.o
 .text.arch_lmb_reserve
                0x178022bc       0x24 arch/arm/lib/built-in.o
                0x178022bc                arch_lmb_reserve
 .text.setup_board_tags
                0x178022e0        0x4 arch/arm/lib/built-in.o
                0x178022e0                setup_board_tags
 .text.boot_prep_linux
                0x178022e4      0x194 arch/arm/lib/built-in.o
 .text.do_bootm_linux
                0x17802478       0x64 arch/arm/lib/built-in.o
                0x17802478                do_bootm_linux
 .text.bootz_setup
                0x178024dc       0x58 arch/arm/lib/built-in.o
                0x178024dc                bootz_setup
 .text.boot_prep_vxworks
                0x17802534       0x50 arch/arm/lib/built-in.o
                0x17802534                boot_prep_vxworks
 .text.boot_jump_vxworks
                0x17802584        0xc arch/arm/lib/built-in.o
                0x17802584                boot_jump_vxworks
 .text.pl310_background_op_all_ways
                0x17802590       0x38 arch/arm/lib/built-in.o
 .text.v7_outer_cache_inval_all
                0x178025c8        0xc arch/arm/lib/built-in.o
                0x178025c8                v7_outer_cache_inval_all
 .text.v7_outer_cache_flush_all
                0x178025d4        0xc arch/arm/lib/built-in.o
                0x178025d4                v7_outer_cache_flush_all
 .text.v7_outer_cache_flush_range
                0x178025e0       0x30 arch/arm/lib/built-in.o
                0x178025e0                v7_outer_cache_flush_range
 .text.v7_outer_cache_inval_range
                0x17802610       0x80 arch/arm/lib/built-in.o
                0x17802610                v7_outer_cache_inval_range
 .text.interrupt_init
                0x17802690       0x1c arch/arm/lib/built-in.o
                0x17802690                interrupt_init
 .text.enable_interrupts
                0x178026ac        0x4 arch/arm/lib/built-in.o
                0x178026ac                enable_interrupts
 .text.disable_interrupts
                0x178026b0        0x8 arch/arm/lib/built-in.o
                0x178026b0                disable_interrupts
 .text.bad_mode
                0x178026b8       0x10 arch/arm/lib/built-in.o
                0x178026b8                bad_mode
 .text.show_regs
                0x178026c8      0x13c arch/arm/lib/built-in.o
                0x178026c8                show_regs
 .text.do_undefined_instruction
                0x17802804       0x20 arch/arm/lib/built-in.o
                0x17802804                do_undefined_instruction
 .text.do_software_interrupt
                0x17802824       0x20 arch/arm/lib/built-in.o
                0x17802824                do_software_interrupt
 .text.do_prefetch_abort
                0x17802844       0x20 arch/arm/lib/built-in.o
                0x17802844                do_prefetch_abort
 .text.do_data_abort
                0x17802864       0x20 arch/arm/lib/built-in.o
                0x17802864                do_data_abort
 .text.do_not_used
                0x17802884       0x20 arch/arm/lib/built-in.o
                0x17802884                do_not_used
 .text.do_fiq   0x178028a4       0x20 arch/arm/lib/built-in.o
                0x178028a4                do_fiq
 .text.do_irq   0x178028c4       0x20 arch/arm/lib/built-in.o
                0x178028c4                do_irq
 .text.do_reset
                0x178028e4       0x2c arch/arm/lib/built-in.o
                0x178028e4                do_reset
 .text.cp_delay
                0x17802910       0x30 arch/arm/lib/built-in.o
 .text.arm_init_domains
                0x17802940        0x4 arch/arm/lib/built-in.o
                0x17802940                arm_init_domains
 .text.set_section_dcache
                0x17802944       0x14 arch/arm/lib/built-in.o
                0x17802944                set_section_dcache
 .text.mmu_set_region_dcache_behaviour
                0x17802958       0x50 arch/arm/lib/built-in.o
                0x17802958                mmu_set_region_dcache_behaviour
 .text.dram_bank_mmu_setup
                0x178029a8       0x40 arch/arm/lib/built-in.o
                0x178029a8                dram_bank_mmu_setup
 .text.icache_enable
                0x178029e8       0x18 arch/arm/lib/built-in.o
                0x178029e8                icache_enable
 .text.icache_disable
                0x17802a00       0x1c arch/arm/lib/built-in.o
                0x17802a00                icache_disable
 .text.icache_status
                0x17802a1c        0xc arch/arm/lib/built-in.o
                0x17802a1c                icache_status
 .text.dcache_enable
                0x17802a28       0x6c arch/arm/lib/built-in.o
                0x17802a28                dcache_enable
 .text.dcache_disable
                0x17802a94       0x2c arch/arm/lib/built-in.o
                0x17802a94                dcache_disable
 .text.dcache_status
                0x17802ac0        0xc arch/arm/lib/built-in.o
                0x17802ac0                dcache_status
 .text.do_enable_hdmi
                0x17802acc       0x18 board/freescale/mx6sabresd/built-in.o
 .text.dram_init
                0x17802ae4       0x10 board/freescale/mx6sabresd/built-in.o
                0x17802ae4                dram_init
 .text.ldo_mode_set
                0x17802af4      0x274 board/freescale/mx6sabresd/built-in.o
                0x17802af4                ldo_mode_set
 .text.mmc_get_env_devno
                0x17802d68       0x24 board/freescale/mx6sabresd/built-in.o
                0x17802d68                mmc_get_env_devno
 .text.board_mmc_getcd
                0x17802d8c       0x48 board/freescale/mx6sabresd/built-in.o
                0x17802d8c                board_mmc_getcd
 .text.board_mmc_init
                0x17802dd4       0x90 board/freescale/mx6sabresd/built-in.o
                0x17802dd4                board_mmc_init
 .text.check_mmc_autodetect
                0x17802e64       0x38 board/freescale/mx6sabresd/built-in.o
                0x17802e64                check_mmc_autodetect
 .text.board_late_mmc_env_init
                0x17802e9c       0x78 board/freescale/mx6sabresd/built-in.o
                0x17802e9c                board_late_mmc_env_init
 .text.mx6_rgmii_rework
                0x17802f14      0x110 board/freescale/mx6sabresd/built-in.o
                0x17802f14                mx6_rgmii_rework
 .text.board_phy_config
                0x17803024       0x2c board/freescale/mx6sabresd/built-in.o
                0x17803024                board_phy_config
 .text.board_video_skip
                0x17803050       0xf4 board/freescale/mx6sabresd/built-in.o
                0x17803050                board_video_skip
 .text.overwrite_console
                0x17803144        0x8 board/freescale/mx6sabresd/built-in.o
                0x17803144                overwrite_console
 .text.board_eth_init
                0x1780314c       0x7c board/freescale/mx6sabresd/built-in.o
                0x1780314c                board_eth_init
 .text.board_early_init_f
                0x178031c8       0x8c board/freescale/mx6sabresd/built-in.o
                0x178031c8                board_early_init_f
 .text.board_init
                0x17803254       0x18 board/freescale/mx6sabresd/built-in.o
                0x17803254                board_init
 .text.board_late_init
                0x1780326c      0x3d4 board/freescale/mx6sabresd/built-in.o
                0x1780326c                board_late_init
 .text.checkboard
                0x17803640       0x18 board/freescale/mx6sabresd/built-in.o
                0x17803640                checkboard
 .text.board_ehci_hcd_init
                0x17803658       0x6c board/freescale/mx6sabresd/built-in.o
                0x17803658                board_ehci_hcd_init
 .text.board_ehci_power
                0x178036c4       0x48 board/freescale/mx6sabresd/built-in.o
                0x178036c4                board_ehci_power
 .text.delete_char.part.0
                0x1780370c       0xd4 common/built-in.o
 .text.cread_add_char
                0x178037e0       0xec common/built-in.o
 .text.__show_boot_progress
                0x178038cc        0x4 common/built-in.o
                0x178038cc                __show_boot_progress
                0x178038cc                show_boot_progress
 .text.readline_into_buffer
                0x178038d0      0x9c0 common/built-in.o
                0x178038d0                readline_into_buffer
 .text.readline
                0x17804290       0x14 common/built-in.o
                0x17804290                readline
 .text.run_command
                0x178042a4        0x8 common/built-in.o
                0x178042a4                run_command
 .text.run_command_list
                0x178042ac       0x5c common/built-in.o
                0x178042ac                run_command_list
 .text.main_loop
                0x17804308      0x178 common/built-in.o
                0x17804308                main_loop
 .text.do_run   0x17804480       0x74 common/built-in.o
                0x17804480                do_run
 .text.find_cmd_tbl
                0x178044f4       0xa4 common/built-in.o
                0x178044f4                find_cmd_tbl
 .text.find_cmd
                0x17804598       0x28 common/built-in.o
                0x17804598                find_cmd
 .text.cmd_usage
                0x178045c0       0x5c common/built-in.o
                0x178045c0                cmd_usage
 .text._do_help
                0x1780461c      0x180 common/built-in.o
                0x1780461c                _do_help
 .text.var_complete
                0x1780479c       0x84 common/built-in.o
                0x1780479c                var_complete
 .text.cmd_auto_complete
                0x17804820      0x4b4 common/built-in.o
                0x17804820                cmd_auto_complete
 .text.cmd_get_data_size
                0x17804cd4       0x5c common/built-in.o
                0x17804cd4                cmd_get_data_size
 .text.cmd_process
                0x17804d30       0xf4 common/built-in.o
                0x17804d30                cmd_process
 .text.dummy    0x17804e24        0x4 common/built-in.o
 .text.get_version
                0x17804e28        0x8 common/built-in.o
                0x17804e28                get_version
 .text.jumptable_init
                0x17804e30      0x1a0 common/built-in.o
                0x17804e30                jumptable_init
 .text.hash_command
                0x17804fd0       0xa0 common/built-in.o
                0x17804fd0                hash_command
 .text.b_reset  0x17805070       0x1c common/built-in.o
 .text.static_get
                0x1780508c       0x1c common/built-in.o
 .text.static_peek
                0x178050a8        0xc common/built-in.o
 .text.file_peek
                0x178050b4        0xc common/built-in.o
 .text.mapset   0x178050c0       0x20 common/built-in.o
 .text.syntax_err
                0x178050e0        0xc common/built-in.o
 .text.free_pipe_list
                0x178050ec       0xf0 common/built-in.o
 .text.xmalloc  0x178051dc       0x20 common/built-in.o
 .text.new_pipe
                0x178051fc       0x28 common/built-in.o
 .text.xrealloc
                0x17805224       0x20 common/built-in.o
 .text.done_command
                0x17805244       0x88 common/built-in.o
 .text.done_pipe
                0x178052cc       0x48 common/built-in.o
 .text.done_word
                0x17805314      0x2d8 common/built-in.o
 .text.do_showvar
                0x178055ec       0xfc common/built-in.o
 .text.is_assignment
                0x178056e8       0x5c common/built-in.o
 .text.file_get
                0x17805744      0x1ec common/built-in.o
 .text.b_addchr
                0x17805930       0x78 common/built-in.o
 .text.b_addqchr
                0x178059a8       0x50 common/built-in.o
 .text.get_local_var
                0x178059f8       0xa0 common/built-in.o
                0x178059f8                get_local_var
 .text.set_local_var
                0x17805a98      0x1ac common/built-in.o
                0x17805a98                set_local_var
 .text.insert_var_value_sub
                0x17805c44      0x2c0 common/built-in.o
 .text.parse_string_outer
                0x17805f04       0xe4 common/built-in.o
                0x17805f04                parse_string_outer
 .text.run_list_real
                0x17805fe8      0x7ec common/built-in.o
 .text.parse_stream_outer
                0x178067d4      0x6a4 common/built-in.o
 .text.parse_file_outer
                0x17806e78       0x44 common/built-in.o
                0x17806e78                parse_file_outer
 .text.u_boot_hush_start
                0x17806ebc       0x54 common/built-in.o
                0x17806ebc                u_boot_hush_start
 .text.hex1_bin
                0x17806f10       0x40 common/built-in.o
 .text.hex2_bin
                0x17806f50       0x38 common/built-in.o
 .text.srec_decode
                0x17806f88      0x254 common/built-in.o
                0x17806f88                srec_decode
 .text.CYGACC_COMM_IF_GETC_TIMEOUT.isra.0
                0x178071dc       0x5c common/built-in.o
 .text.xyzModem_flush
                0x17807238       0x1c common/built-in.o
 .text.xyzModem_get_hdr
                0x17807254      0x22c common/built-in.o
 .text.xyzModem_stream_open
                0x17807480      0x23c common/built-in.o
                0x17807480                xyzModem_stream_open
 .text.xyzModem_stream_read
                0x178076bc      0x258 common/built-in.o
                0x178076bc                xyzModem_stream_read
 .text.xyzModem_stream_close
                0x17807914       0x54 common/built-in.o
                0x17807914                xyzModem_stream_close
 .text.xyzModem_stream_terminate
                0x17807968       0x94 common/built-in.o
                0x17807968                xyzModem_stream_terminate
 .text.xyzModem_error
                0x178079fc       0x20 common/built-in.o
                0x178079fc                xyzModem_error
 .text.common_diskboot
                0x17807a1c      0x240 common/built-in.o
                0x17807a1c                common_diskboot
 .text.trace_early_init
                0x17807c5c        0x8 common/built-in.o
 .text.display_text_info
                0x17807c64        0x8 common/built-in.o
 .text.setup_mon_len
                0x17807c6c       0x20 common/built-in.o
 .text.reserve_round_4k
                0x17807c8c       0x18 common/built-in.o
 .text.reserve_mmu
                0x17807ca4       0x38 common/built-in.o
 .text.reserve_trace
                0x17807cdc        0x8 common/built-in.o
 .text.reserve_uboot
                0x17807ce4       0x30 common/built-in.o
 .text.reserve_malloc
                0x17807d14       0x18 common/built-in.o
 .text.setup_machine
                0x17807d2c       0x14 common/built-in.o
 .text.reserve_global_data
                0x17807d40       0x1c common/built-in.o
 .text.reserve_fdt
                0x17807d5c       0x4c common/built-in.o
 .text.reserve_stacks
                0x17807da8       0x34 common/built-in.o
 .text.display_new_sp
                0x17807ddc        0x8 common/built-in.o
 .text.setup_baud_rate
                0x17807de4       0x14 common/built-in.o
 .text.setup_reloc
                0x17807df8       0x28 common/built-in.o
 .text.reloc_fdt
                0x17807e20       0x38 common/built-in.o
 .text.reserve_board
                0x17807e58       0x30 common/built-in.o
 .text.announce_dram_init
                0x17807e88       0x18 common/built-in.o
 .text.init_func_i2c
                0x17807ea0       0x28 common/built-in.o
 .text.init_baud_rate
                0x17807ec8       0x2c common/built-in.o
 .text.setup_fdt
                0x17807ef4       0x28 common/built-in.o
 .text.mark_bootstage
                0x17807f1c       0x14 common/built-in.o
 .text.__coloured_LED_init
                0x17807f30        0x4 common/built-in.o
                0x17807f30                coloured_LED_init
                0x17807f30                __coloured_LED_init
 .text.__red_led_on
                0x17807f34        0x4 common/built-in.o
                0x17807f34                __red_led_on
                0x17807f34                red_led_on
 .text.__board_add_ram_info
                0x17807f38        0x4 common/built-in.o
                0x17807f38                __board_add_ram_info
                0x17807f38                board_add_ram_info
 .text.show_dram_config
                0x17807f3c       0x38 common/built-in.o
 .text.__dram_init_banksize
                0x17807f74       0x20 common/built-in.o
                0x17807f74                __dram_init_banksize
                0x17807f74                dram_init_banksize
 .text.setup_dram_config
                0x17807f94       0x10 common/built-in.o
 .text.board_get_usable_ram_top
                0x17807fa4        0x8 common/built-in.o
                0x17807fa4                board_get_usable_ram_top
 .text.setup_dest_addr
                0x17807fac       0x3c common/built-in.o
 .text.board_init_f
                0x17807fe8       0x4c common/built-in.o
                0x17807fe8                board_init_f
 .text.bootstage_relocate
                0x17808034        0x8 common/built-in.o
 .text.initr_trace
                0x1780803c        0x8 common/built-in.o
 .text.initr_reloc_global_data
                0x17808044       0x28 common/built-in.o
 .text.initr_barrier
                0x1780806c        0x8 common/built-in.o
 .text.power_init_board
                0x17808074        0x8 common/built-in.o
                0x17808074                power_init_board
 .text.initr_announce
                0x1780807c        0x8 common/built-in.o
 .text.initr_mmc
                0x17808084       0x20 common/built-in.o
                0x17808084                initr_mmc
 .text.run_main_loop
                0x178080a4        0xc common/built-in.o
 .text.initr_net
                0x178080b0       0x20 common/built-in.o
 .text.initr_ethaddr
                0x178080d0       0x20 common/built-in.o
 .text.initr_enable_interrupts
                0x178080f0       0x10 common/built-in.o
 .text.initr_jumptable
                0x17808100       0x10 common/built-in.o
 .text.initr_env
                0x17808110       0x30 common/built-in.o
 .text.initr_malloc
                0x17808140       0x24 common/built-in.o
 .text.initr_serial
                0x17808164       0x10 common/built-in.o
 .text.initr_caches
                0x17808174       0x10 common/built-in.o
 .text.initr_reloc
                0x17808184       0x20 common/built-in.o
 .text.__cpu_secondary_init_r
                0x178081a4        0x4 common/built-in.o
                0x178081a4                cpu_secondary_init_r
                0x178081a4                __cpu_secondary_init_r
 .text.initr_secondary_cpu
                0x178081a8       0x10 common/built-in.o
 .text.board_init_r
                0x178081b8       0x18 common/built-in.o
                0x178081b8                board_init_r
 .text.do_go_exec
                0x178081d0       0x10 common/built-in.o
                0x178081d0                do_go_exec
 .text.do_go    0x178081e0       0x6c common/built-in.o
 .text.copy_args
                0x1780824c       0x50 common/built-in.o
 .text.image_info
                0x1780829c       0xcc common/built-in.o
 .text.do_bootd
                0x17808368       0x24 common/built-in.o
                0x17808368                do_bootd
 .text.do_bootm_rtems
                0x1780838c       0x40 common/built-in.o
 .text.do_bootm_plan9
                0x178083cc       0xa4 common/built-in.o
 .text.do_bootm_standalone
                0x17808470       0x64 common/built-in.o
 .text.do_bootm_netbsd
                0x178084d4       0xf8 common/built-in.o
 .text.do_iminfo
                0x178085cc       0x5c common/built-in.o
 .text.bootm_find_ramdisk.isra.18
                0x17808628       0x44 common/built-in.o
 .text.bootm_find_fdt
                0x1780866c       0x5c common/built-in.o
 .text.do_bootm_states.isra.21.constprop.23
                0x178086c8      0x7a8 common/built-in.o
 .text.do_bootm
                0x17808e70       0xe4 common/built-in.o
                0x17808e70                do_bootm
 .text.bootm_maybe_autostart
                0x17808f54       0x78 common/built-in.o
                0x17808f54                bootm_maybe_autostart
 .text.do_bootvx_fdt
                0x17808fcc      0x10c common/built-in.o
                0x17808fcc                do_bootvx_fdt
 .text.do_bootm_vxworks
                0x178090d8       0x24 common/built-in.o
 .text.do_bootz
                0x178090fc      0x100 common/built-in.o
                0x178090fc                do_bootz
 .text.do_help  0x178091fc       0x44 common/built-in.o
 .text.do_version
                0x17809240       0x38 common/built-in.o
 .text.env_attr_walk
                0x17809278      0x114 common/built-in.o
                0x17809278                env_attr_walk
 .text.env_attr_lookup
                0x1780938c      0x18c common/built-in.o
                0x1780938c                env_attr_lookup
 .text.clear_callback
                0x17809518       0x10 common/built-in.o
 .text.find_env_callback
                0x17809528       0x68 common/built-in.o
 .text.on_callbacks
                0x17809590       0x48 common/built-in.o
 .text.set_callback
                0x178095d8       0x94 common/built-in.o
 .text.env_callback_init
                0x1780966c       0xc4 common/built-in.o
                0x1780966c                env_callback_init
 .text.skip_num
                0x17809730       0x70 common/built-in.o
 .text.clear_flags
                0x178097a0       0x10 common/built-in.o
 .text.on_flags
                0x178097b0       0x48 common/built-in.o
 .text.env_flags_parse_vartype
                0x178097f8       0x50 common/built-in.o
                0x178097f8                env_flags_parse_vartype
 .text.env_flags_parse_varaccess
                0x17809848       0x58 common/built-in.o
                0x17809848                env_flags_parse_varaccess
 .text.set_flags
                0x178098a0       0xac common/built-in.o
 .text.env_flags_init
                0x1780994c       0xd8 common/built-in.o
                0x1780994c                env_flags_init
 .text.env_flags_validate
                0x17809a24      0x328 common/built-in.o
                0x17809a24                env_flags_validate
 .text.mmc_get_env_addr
                0x17809d4c       0x10 common/built-in.o
                0x17809d4c                mmc_get_env_addr
 .text.init_mmc_for_env
                0x17809d5c       0x60 common/built-in.o
 .text.fini_mmc_for_env.isra.1
                0x17809dbc       0x20 common/built-in.o
 .text.env_init
                0x17809ddc       0x1c common/built-in.o
                0x17809ddc                env_init
 .text.saveenv  0x17809df8      0x180 common/built-in.o
                0x17809df8                saveenv
 .text.env_relocate_spec
                0x17809f78       0xe4 common/built-in.o
                0x17809f78                env_relocate_spec
 .text.source   0x1780a05c       0xd8 common/built-in.o
                0x1780a05c                source
 .text.do_source
                0x1780a134       0x44 common/built-in.o
                0x1780a134                do_source
 .text.print_num
                0x1780a178       0x14 common/built-in.o
 .text.do_bdinfo
                0x1780a18c      0x18c common/built-in.o
                0x1780a18c                do_bdinfo
 .text.parse_argv
                0x1780a318       0x64 common/built-in.o
 .text.do_icache
                0x1780a37c       0x88 common/built-in.o
                0x1780a37c                do_icache
 .text.do_dcache
                0x1780a404       0x88 common/built-in.o
                0x1780a404                do_dcache
 .text.do_coninfo
                0x1780a48c       0xc0 common/built-in.o
 .text.do_echo  0x1780a54c       0xb0 common/built-in.o
 .text.do_exit  0x1780a5fc       0x3c common/built-in.o
 .text.do_ext2ls
                0x1780a638       0x18 common/built-in.o
                0x1780a638                do_ext2ls
 .text.do_ext2load
                0x1780a650       0x18 common/built-in.o
                0x1780a650                do_ext2load
 .text.do_fat_fsload
                0x1780a668       0x18 common/built-in.o
                0x1780a668                do_fat_fsload
 .text.do_fat_ls
                0x1780a680       0x18 common/built-in.o
 .text.do_fat_fsinfo
                0x1780a698       0x90 common/built-in.o
 .text.fdt_valid
                0x1780a728       0xbc common/built-in.o
 .text.is_printable_string
                0x1780a7e4       0x98 common/built-in.o
 .text.print_data
                0x1780a87c      0x174 common/built-in.o
 .text.set_working_fdt_addr
                0x1780a9f0       0x1c common/built-in.o
                0x1780a9f0                set_working_fdt_addr
 .text.do_fdt   0x1780aa0c      0xe78 common/built-in.o
 .text.write_cell
                0x1780b884       0x50 common/built-in.o
 .text.get_cells_len
                0x1780b8d4       0x38 common/built-in.o
 .text.fdt_find_and_setprop
                0x1780b90c       0x70 common/built-in.o
                0x1780b90c                fdt_find_and_setprop
 .text.fdt_initrd
                0x1780b97c      0x1ec common/built-in.o
                0x1780b97c                fdt_initrd
 .text.fdt_chosen
                0x1780bb68      0x10c common/built-in.o
                0x1780bb68                fdt_chosen
 .text.do_fixup_by_path
                0x1780bc74       0x54 common/built-in.o
                0x1780bc74                do_fixup_by_path
 .text.fdt_fixup_memory_banks
                0x1780bcc8      0x1bc common/built-in.o
                0x1780bcc8                fdt_fixup_memory_banks
 .text.fdt_fixup_memory
                0x1780be84       0x20 common/built-in.o
                0x1780be84                fdt_fixup_memory
 .text.fdt_fixup_ethernet
                0x1780bea4      0x134 common/built-in.o
                0x1780bea4                fdt_fixup_ethernet
 .text.fdt_resize
                0x1780bfd8       0xcc common/built-in.o
                0x1780bfd8                fdt_resize
 .text.do_flinfo
                0x1780c0a4        0x8 common/built-in.o
 .text.do_flerase
                0x1780c0ac        0x8 common/built-in.o
 .text.do_protect
                0x1780c0b4       0x10 common/built-in.o
 .text.strtou32
                0x1780c0c4       0x44 common/built-in.o
 .text.do_fuse  0x1780c108      0x38c common/built-in.o
 .text.get_alen
                0x1780c494       0x3c common/built-in.o
 .text.do_i2c_bus_num
                0x1780c4d0       0xb4 common/built-in.o
                0x1780c4d0                do_i2c_bus_num
 .text.do_i2c   0x1780c584       0x64 common/built-in.o
 .text.do_i2c_reset
                0x1780c5e8       0x2c common/built-in.o
 .text.do_i2c_mw
                0x1780c614       0xec common/built-in.o
 .text.do_i2c_read
                0x1780c700       0xb0 common/built-in.o
 .text.do_i2c_probe
                0x1780c7b0       0x9c common/built-in.o
 .text.do_i2c_md
                0x1780c84c      0x1dc common/built-in.o
 .text.do_i2c_crc
                0x1780ca28      0x118 common/built-in.o
 .text.do_i2c_show_bus
                0x1780cb40       0xd0 common/built-in.o
                0x1780cb40                do_i2c_show_bus
 .text.do_i2c_bus_speed
                0x1780cc10       0x74 common/built-in.o
 .text.do_i2c_write
                0x1780cc84       0xf0 common/built-in.o
 .text.do_i2c_loop
                0x1780cd74       0xdc common/built-in.o
 .text.mod_i2c_mem.isra.4
                0x1780ce50      0x1f8 common/built-in.o
 .text.do_i2c_nm
                0x1780d048        0x8 common/built-in.o
 .text.do_i2c_mm
                0x1780d050        0x8 common/built-in.o
 .text.i2c_init_board
                0x1780d058        0x4 common/built-in.o
                0x1780d058                i2c_init_board
 .text.evalexp  0x1780d05c       0x6c common/built-in.o
 .text.evalstr  0x1780d0c8       0x6c common/built-in.o
 .text.binary_test
                0x1780d134      0x1b8 common/built-in.o
 .text.do_itest
                0x1780d2ec       0x88 common/built-in.o
 .text.bin_data_init
                0x1780d374       0x2c common/built-in.o
 .text.k_data_save
                0x1780d3a0       0x4c common/built-in.o
 .text.k_data_restore
                0x1780d3ec       0x4c common/built-in.o
 .text.getcxmodem
                0x1780d438       0x20 common/built-in.o
 .text.load_serial_ymodem
                0x1780d458       0xcc common/built-in.o
 .text.bin_data_char
                0x1780d524       0x2c common/built-in.o
 .text.chk1.constprop.1
                0x1780d550       0x2c common/built-in.o
 .text.s1_sendpacket.constprop.2
                0x1780d57c       0x50 common/built-in.o
 .text.load_serial
                0x1780d5cc      0x1e0 common/built-in.o
 .text.do_load_serial
                0x1780d7ac       0xdc common/built-in.o
 .text.do_load_serial_bin
                0x1780d888      0x7a4 common/built-in.o
 .text.do_mem_mw
                0x1780e02c       0xc0 common/built-in.o
 .text.do_mem_loop
                0x1780e0ec       0xec common/built-in.o
 .text.do_mem_md
                0x1780e1d8       0xec common/built-in.o
 .text.do_mem_cmp
                0x1780e2c4      0x164 common/built-in.o
 .text.do_mem_base
                0x1780e428       0x40 common/built-in.o
 .text.do_mem_cp
                0x1780e468       0xd8 common/built-in.o
 .text.do_mem_crc
                0x1780e540       0x48 common/built-in.o
 .text.do_mem_mtest
                0x1780e588      0x1d8 common/built-in.o
 .text.mod_mem.isra.2
                0x1780e760      0x164 common/built-in.o
 .text.do_mem_mm
                0x1780e8c4        0x8 common/built-in.o
 .text.do_mem_nm
                0x1780e8cc        0x8 common/built-in.o
 .text.miiphy_get_dev_by_name
                0x1780e8d4       0x60 common/built-in.o
                0x1780e8d4                miiphy_get_dev_by_name
 .text.miiphy_init
                0x1780e934       0x24 common/built-in.o
                0x1780e934                miiphy_init
 .text.mdio_alloc
                0x1780e958       0x30 common/built-in.o
                0x1780e958                mdio_alloc
 .text.mdio_register
                0x1780e988       0xa0 common/built-in.o
                0x1780e988                mdio_register
 .text.mdio_list_devices
                0x1780ea28       0x98 common/built-in.o
                0x1780ea28                mdio_list_devices
 .text.miiphy_set_current_dev
                0x1780eac0       0x40 common/built-in.o
                0x1780eac0                miiphy_set_current_dev
 .text.miiphy_get_active_dev
                0x1780eb00       0x54 common/built-in.o
 .text.mdio_get_current_dev
                0x1780eb54       0x10 common/built-in.o
                0x1780eb54                mdio_get_current_dev
 .text.mdio_phydev_for_ethname
                0x1780eb64       0x88 common/built-in.o
                0x1780eb64                mdio_phydev_for_ethname
 .text.miiphy_get_current_dev
                0x1780ebec       0x18 common/built-in.o
                0x1780ebec                miiphy_get_current_dev
 .text.miiphy_read
                0x1780ec04       0x4c common/built-in.o
                0x1780ec04                miiphy_read
 .text.miiphy_write
                0x1780ec50       0x40 common/built-in.o
                0x1780ec50                miiphy_write
 .text.miiphy_listdev
                0x1780ec90       0x74 common/built-in.o
                0x1780ec90                miiphy_listdev
 .text.miiphy_info
                0x1780ed04       0x88 common/built-in.o
                0x1780ed04                miiphy_info
 .text.miiphy_speed
                0x1780ed8c       0x94 common/built-in.o
                0x1780ed8c                miiphy_speed
 .text.miiphy_duplex
                0x1780ee20       0x94 common/built-in.o
                0x1780ee20                miiphy_duplex
 .text.miiphy_is_1000base_x
                0x1780eeb4        0x8 common/built-in.o
                0x1780eeb4                miiphy_is_1000base_x
 .text.extract_range
                0x1780eebc       0xe4 common/built-in.o
 .text.do_mii   0x1780efa0      0x7b8 common/built-in.o
 .text.do_mdio  0x1780f758      0x4dc common/built-in.o
 .text.do_sleep
                0x1780fc34       0x70 common/built-in.o
 .text.do_mmcops
                0x1780fca4      0x7a0 common/built-in.o
 .text.do_mmcinfo
                0x17810444      0x184 common/built-in.o
 .text.netboot_common
                0x178105c8      0x294 common/built-in.o
 .text.do_bootp
                0x1781085c        0xc common/built-in.o
 .text.do_dhcp  0x17810868        0xc common/built-in.o
 .text.do_nfs   0x17810874        0xc common/built-in.o
 .text.do_tftpb
                0x17810880       0x40 common/built-in.o
                0x17810880                do_tftpb
 .text.do_ping  0x178108c0       0x78 common/built-in.o
 .text.bytes_per_second
                0x17810938       0x50 common/built-in.o
 .text.do_spi_flash
                0x17810988      0x758 common/built-in.o
 .text.get_arg  0x178110e0       0x58 common/built-in.o
 .text.do_setexpr
                0x17811138      0x13c common/built-in.o
 .text.do_false
                0x17811274        0x8 common/built-in.o
 .text.do_true  0x1781127c        0x8 common/built-in.o
 .text.do_test  0x17811284      0x33c common/built-in.o
 .text.usb_get_class_desc
                0x178115c0       0xbc common/built-in.o
 .text.usb_display_class_sub
                0x1781167c      0x170 common/built-in.o
 .text.usb_find_device
                0x178117ec       0x3c common/built-in.o
 .text.usb_show_tree_graph
                0x17811828      0x218 common/built-in.o
 .text.usb_display_string
                0x17811a40       0x44 common/built-in.o
 .text.usb_display_config
                0x17811a84      0x20c common/built-in.o
 .text.do_usbboot
                0x17811c90        0xc common/built-in.o
 .text.usb_display_desc.part.1
                0x17811c9c      0x12c common/built-in.o
 .text.do_usb   0x17811dc8      0x78c common/built-in.o
 .text.usb_set_maxpacket_ep
                0x17812554       0x70 common/built-in.o
 .text.usb_stop
                0x178125c4       0x64 common/built-in.o
                0x178125c4                usb_stop
 .text.usb_disable_asynch
                0x17812628       0x20 common/built-in.o
                0x17812628                usb_disable_asynch
 .text.usb_control_msg
                0x17812648       0xc4 common/built-in.o
                0x17812648                usb_control_msg
 .text.usb_get_descriptor
                0x1781270c       0x58 common/built-in.o
 .text.usb_get_string
                0x17812764       0x70 common/built-in.o
 .text.usb_string_sub
                0x178127d4      0x108 common/built-in.o
 .text.usb_bulk_msg
                0x178128dc       0x78 common/built-in.o
                0x178128dc                usb_bulk_msg
 .text.usb_maxpacket
                0x17812954       0x1c common/built-in.o
                0x17812954                usb_maxpacket
 .text.usb_clear_halt
                0x17812970       0x90 common/built-in.o
                0x17812970                usb_clear_halt
 .text.usb_get_configuration_no
                0x17812a00       0xbc common/built-in.o
                0x17812a00                usb_get_configuration_no
 .text.usb_set_interface
                0x17812abc       0xa8 common/built-in.o
                0x17812abc                usb_set_interface
 .text.usb_string
                0x17812b64      0x100 common/built-in.o
                0x17812b64                usb_string
 .text.usb_get_dev_index
                0x17812c64       0x24 common/built-in.o
                0x17812c64                usb_get_dev_index
 .text.usb_alloc_new_device
                0x17812c88       0x90 common/built-in.o
                0x17812c88                usb_alloc_new_device
 .text.usb_free_device
                0x17812d18       0x48 common/built-in.o
                0x17812d18                usb_free_device
 .text.usb_alloc_device
                0x17812d60        0x8 common/built-in.o
                0x17812d60                usb_alloc_device
 .text.usb_new_device
                0x17812d68      0x614 common/built-in.o
                0x17812d68                usb_new_device
 .text.usb_init
                0x1781337c      0x118 common/built-in.o
                0x1781337c                usb_init
 .text.usb_set_port_feature
                0x17813494       0x4c common/built-in.o
 .text.usb_get_port_status
                0x178134e0       0x4c common/built-in.o
 .text.usb_clear_port_feature
                0x1781352c       0x4c common/built-in.o
 .text.usb_hub_power_on
                0x17813578       0xb4 common/built-in.o
 .text.usb_get_hub_descriptor
                0x1781362c       0x4c common/built-in.o
 .text.usb_hub_reset_devices
                0x17813678        0x4 common/built-in.o
                0x17813678                usb_hub_reset_devices
 .text.usb_hub_reset
                0x1781367c       0x14 common/built-in.o
                0x1781367c                usb_hub_reset
 .text.hub_port_reset
                0x17813690       0xac common/built-in.o
                0x17813690                hub_port_reset
 .text.usb_hub_port_connect_change
                0x1781373c      0x124 common/built-in.o
                0x1781373c                usb_hub_port_connect_change
 .text.usb_hub_configure
                0x17813860      0x2d8 common/built-in.o
 .text.usb_hub_probe
                0x17813b38       0x58 common/built-in.o
                0x17813b38                usb_hub_probe
 .text.usb_stor_irq
                0x17813b90       0x1c common/built-in.o
 .text.usb_stor_BBB_reset
                0x17813bac       0xd0 common/built-in.o
 .text.usb_stor_CB_reset
                0x17813c7c       0xd0 common/built-in.o
 .text.usb_stor_BBB_clear_endpt_stall.isra.2
                0x17813d4c       0x40 common/built-in.o
 .text.usb_stor_BBB_transport
                0x17813d8c      0x26c common/built-in.o
 .text.usb_stor_CB_comdat
                0x17813ff8      0x218 common/built-in.o
 .text.usb_stor_CBI_get_status.isra.4
                0x17814210       0xcc common/built-in.o
 .text.usb_stor_CB_transport
                0x178142dc      0x228 common/built-in.o
 .text.usb_request_sense.constprop.10
                0x17814504       0x70 common/built-in.o
 .text.usb_stor_write
                0x17814574      0x1cc common/built-in.o
                0x17814574                usb_stor_write
 .text.usb_stor_read
                0x17814740      0x1cc common/built-in.o
                0x17814740                usb_stor_read
 .text.usb_stor_get_dev
                0x1781490c       0x28 common/built-in.o
                0x1781490c                usb_stor_get_dev
 .text.usb_stor_info
                0x17814934       0x74 common/built-in.o
                0x17814934                usb_stor_info
 .text.usb_storage_probe
                0x178149a8      0x204 common/built-in.o
                0x178149a8                usb_storage_probe
 .text.usb_stor_get_info
                0x17814bac      0x31c common/built-in.o
                0x17814bac                usb_stor_get_info
 .text.usb_stor_scan
                0x17814ec8      0x204 common/built-in.o
                0x17814ec8                usb_stor_scan
 .text.do_imgextract
                0x178150cc      0x280 common/built-in.o
 .text.__splash_screen_prepare
                0x1781534c        0x8 common/built-in.o
                0x1781534c                splash_screen_prepare
                0x1781534c                __splash_screen_prepare
 .text.splash_get_pos
                0x17815354       0x84 common/built-in.o
                0x17815354                splash_get_pos
 .text.do_env_delete
                0x178153d8       0x9c common/built-in.o
 .text.do_env_save
                0x17815474       0x2c common/built-in.o
 .text.do_env   0x178154a0       0x64 common/built-in.o
 .text.env_print
                0x17815504       0xc0 common/built-in.o
 .text.do_env_print
                0x178155c4       0xc4 common/built-in.o
 .text.do_env_import
                0x17815688      0x260 common/built-in.o
 .text.do_env_default
                0x178158e8       0xa8 common/built-in.o
 .text._do_env_set.isra.0
                0x17815990      0x1b8 common/built-in.o
 .text.do_env_set
                0x17815b48       0x1c common/built-in.o
 .text.get_env_id
                0x17815b64       0x10 common/built-in.o
                0x17815b64                get_env_id
 .text.setenv   0x17815b74       0x5c common/built-in.o
                0x17815b74                setenv
 .text.setenv_ulong
                0x17815bd0       0x20 common/built-in.o
                0x17815bd0                setenv_ulong
 .text.setenv_hex
                0x17815bf0       0x34 common/built-in.o
                0x17815bf0                setenv_hex
 .text.do_env_export
                0x17815c24      0x24c common/built-in.o
 .text.envmatch
                0x17815e70       0x6c common/built-in.o
                0x17815e70                envmatch
 .text.getenv_f
                0x17815edc       0xc0 common/built-in.o
                0x17815edc                getenv_f
 .text.getenv   0x17815f9c       0x78 common/built-in.o
                0x17815f9c                getenv
 .text.getenv_hex
                0x17816014       0x3c common/built-in.o
                0x17816014                getenv_hex
 .text.getenv_ulong
                0x17816050       0x30 common/built-in.o
                0x17816050                getenv_ulong
 .text.do_env_edit
                0x17816080       0x78 common/built-in.o
 .text.__env_get_char_spec
                0x178160f8        0xc common/built-in.o
                0x178160f8                env_get_char_spec
 .text.env_get_addr
                0x17816104       0x20 common/built-in.o
                0x17816104                env_get_addr
 .text.env_get_char_memory
                0x17816124       0x10 common/built-in.o
                0x17816124                env_get_char_memory
 .text.env_get_char
                0x17816134       0x30 common/built-in.o
                0x17816134                env_get_char
 .text.getenv_yesno
                0x17816164       0x40 common/built-in.o
                0x17816164                getenv_yesno
 .text.getenv_default
                0x178161a4       0x30 common/built-in.o
                0x178161a4                getenv_default
 .text.set_default_env
                0x178161d4       0xbc common/built-in.o
                0x178161d4                set_default_env
 .text.set_default_vars
                0x17816290       0x34 common/built-in.o
                0x17816290                set_default_vars
 .text.env_import
                0x178162c4       0xd8 common/built-in.o
                0x178162c4                env_import
 .text.env_relocate
                0x1781639c       0x2c common/built-in.o
                0x1781639c                env_relocate
 .text.env_complete
                0x178163c8       0xdc common/built-in.o
                0x178163c8                env_complete
 .text.console_setfile
                0x178164a4       0xa4 common/built-in.o
 .text.serial_printf
                0x17816548       0x4c common/built-in.o
                0x17816548                serial_printf
 .text.fgetc    0x17816594       0x24 common/built-in.o
                0x17816594                fgetc
 .text.ftstc    0x178165b8       0x24 common/built-in.o
                0x178165b8                ftstc
 .text.getc     0x178165dc       0x24 common/built-in.o
                0x178165dc                getc
 .text.tstc     0x17816600       0x24 common/built-in.o
                0x17816600                tstc
 .text.putc     0x17816624       0x30 common/built-in.o
                0x17816624                putc
 .text.puts     0x17816654       0x30 common/built-in.o
                0x17816654                puts
 .text.printf   0x17816684       0x58 common/built-in.o
                0x17816684                printf
 .text.vprintf  0x178166dc       0x44 common/built-in.o
                0x178166dc                vprintf
 .text.ctrlc    0x17816720       0x58 common/built-in.o
                0x17816720                ctrlc
 .text.had_ctrlc
                0x17816778       0x10 common/built-in.o
                0x17816778                had_ctrlc
 .text.clear_ctrlc
                0x17816788       0x14 common/built-in.o
                0x17816788                clear_ctrlc
 .text.search_device
                0x1781679c       0x28 common/built-in.o
                0x1781679c                search_device
 .text.console_assign
                0x178167c4       0x48 common/built-in.o
                0x178167c4                console_assign
 .text.on_console
                0x1781680c       0xc0 common/built-in.o
 .text.console_init_f
                0x178168cc       0x10 common/built-in.o
                0x178168cc                console_init_f
 .text.stdio_print_current_devices
                0x178168dc       0xb0 common/built-in.o
                0x178168dc                stdio_print_current_devices
 .text.console_init_r
                0x1781698c      0x194 common/built-in.o
                0x1781698c                console_init_r
 .text.sbrk     0x17816b20       0x6c common/built-in.o
                0x17816b20                sbrk
 .text.mem_malloc_init
                0x17816b8c       0x34 common/built-in.o
                0x17816b8c                mem_malloc_init
 .text.malloc_trim
                0x17816bc0       0xcc common/built-in.o
                0x17816bc0                malloc_trim
 .text.free     0x17816c8c      0x234 common/built-in.o
                0x17816c8c                free
 .text.malloc   0x17816ec0      0x608 common/built-in.o
                0x17816ec0                malloc
 .text.calloc   0x178174c8       0xd4 common/built-in.o
                0x178174c8                calloc
 .text.realloc  0x1781759c      0x4c4 common/built-in.o
                0x1781759c                realloc
 .text.memalign
                0x17817a60      0x10c common/built-in.o
                0x17817a60                memalign
 .text.on_loadaddr
                0x17817b6c       0x38 common/built-in.o
 .text.image_check_hcrc
                0x17817ba4       0x4c common/built-in.o
                0x17817ba4                image_check_hcrc
 .text.image_check_dcrc
                0x17817bf0       0x38 common/built-in.o
                0x17817bf0                image_check_dcrc
 .text.image_multi_count
                0x17817c28       0x1c common/built-in.o
                0x17817c28                image_multi_count
 .text.image_multi_getimg
                0x17817c44       0x80 common/built-in.o
                0x17817c44                image_multi_getimg
 .text.getenv_bootm_low
                0x17817cc4       0x30 common/built-in.o
                0x17817cc4                getenv_bootm_low
 .text.getenv_bootm_size
                0x17817cf4       0x5c common/built-in.o
                0x17817cf4                getenv_bootm_size
 .text.getenv_bootm_mapsize
                0x17817d50       0x30 common/built-in.o
                0x17817d50                getenv_bootm_mapsize
 .text.memmove_wd
                0x17817d80        0xc common/built-in.o
                0x17817d80                memmove_wd
 .text.genimg_print_size
                0x17817d8c       0x30 common/built-in.o
                0x17817d8c                genimg_print_size
 .text.get_table_entry_name
                0x17817dbc       0x2c common/built-in.o
                0x17817dbc                get_table_entry_name
 .text.genimg_get_os_name
                0x17817de8       0x18 common/built-in.o
                0x17817de8                genimg_get_os_name
 .text.genimg_get_arch_name
                0x17817e00       0x18 common/built-in.o
                0x17817e00                genimg_get_arch_name
 .text.genimg_get_type_name
                0x17817e18       0x18 common/built-in.o
                0x17817e18                genimg_get_type_name
 .text.genimg_get_comp_name
                0x17817e30       0x18 common/built-in.o
                0x17817e30                genimg_get_comp_name
 .text.image_print_contents
                0x17817e48      0x174 common/built-in.o
                0x17817e48                image_print_contents
 .text.genimg_get_format
                0x17817fbc       0x34 common/built-in.o
                0x17817fbc                genimg_get_format
 .text.genimg_get_image
                0x17817ff0        0x4 common/built-in.o
                0x17817ff0                genimg_get_image
 .text.genimg_has_config
                0x17817ff4        0x8 common/built-in.o
                0x17817ff4                genimg_has_config
 .text.boot_get_ramdisk
                0x17817ffc      0x238 common/built-in.o
                0x17817ffc                boot_get_ramdisk
 .text.boot_ramdisk_high
                0x17818234      0x130 common/built-in.o
                0x17818234                boot_ramdisk_high
 .text.image_setup_linux
                0x17818364       0x8c common/built-in.o
                0x17818364                image_setup_linux
 .text.fdt_error
                0x178183f0       0x2c common/built-in.o
 .text.boot_fdt_add_mem_rsv_regions
                0x1781841c       0x88 common/built-in.o
                0x1781841c                boot_fdt_add_mem_rsv_regions
 .text.boot_relocate_fdt
                0x178184a4      0x198 common/built-in.o
                0x178184a4                boot_relocate_fdt
 .text.boot_get_fdt
                0x1781863c      0x268 common/built-in.o
                0x1781863c                boot_get_fdt
 .text.ft_verify_fdt
                0x178188a4        0x8 common/built-in.o
                0x178188a4                ft_verify_fdt
 .text.image_setup_libfdt
                0x178188ac       0xd8 common/built-in.o
                0x178188ac                image_setup_libfdt
 .text.get_effective_memsize
                0x17818984        0x8 common/built-in.o
                0x17818984                get_effective_memsize
 .text.nulldev_putc
                0x1781898c        0x4 common/built-in.o
                0x1781898c                nulldev_putc
 .text.nulldev_puts
                0x17818990        0x4 common/built-in.o
                0x17818990                nulldev_puts
 .text.nulldev_input
                0x17818994        0x8 common/built-in.o
                0x17818994                nulldev_input
 .text.stdio_get_list
                0x1781899c        0xc common/built-in.o
                0x1781899c                stdio_get_list
 .text.stdio_get_by_name
                0x178189a8       0x5c common/built-in.o
                0x178189a8                stdio_get_by_name
 .text.stdio_clone
                0x17818a04       0x38 common/built-in.o
                0x17818a04                stdio_clone
 .text.stdio_register
                0x17818a3c       0x3c common/built-in.o
                0x17818a3c                stdio_register
 .text.stdio_init
                0x17818a78       0xe8 common/built-in.o
                0x17818a78                stdio_init
 .text.get_dev  0x17818b60       0x70 disk/built-in.o
                0x17818b60                get_dev
 .text.dev_print
                0x17818bd0      0x214 disk/built-in.o
                0x17818bd0                dev_print
 .text.init_part
                0x17818de4       0x20 disk/built-in.o
                0x17818de4                init_part
 .text.print_part
                0x17818e04       0xf4 disk/built-in.o
                0x17818e04                print_part
 .text.get_partition_info
                0x17818ef8       0x2c disk/built-in.o
                0x17818ef8                get_partition_info
 .text.get_device
                0x17818f24       0x8c disk/built-in.o
                0x17818f24                get_device
 .text.get_device_and_partition
                0x17818fb0      0x400 disk/built-in.o
                0x17818fb0                get_device_and_partition
 .text.test_block_type
                0x178193b0       0x84 disk/built-in.o
 .text.print_partition_extended
                0x17819434      0x278 disk/built-in.o
 .text.get_partition_info_extended.constprop.2
                0x178196ac      0x2cc disk/built-in.o
 .text.test_part_dos
                0x17819978       0x64 disk/built-in.o
                0x17819978                test_part_dos
 .text.print_part_dos
                0x178199dc       0x34 disk/built-in.o
                0x178199dc                print_part_dos
 .text.get_partition_info_dos
                0x17819a10       0x20 disk/built-in.o
                0x17819a10                get_partition_info_dos
 .text.finish_access
                0x17819a30       0x3c drivers/built-in.o
 .text.set_timing
                0x17819a6c       0xb8 drivers/built-in.o
 .text.prepare_access
                0x17819b24       0x8c drivers/built-in.o
 .text.fuse_read
                0x17819bb0       0x6c drivers/built-in.o
                0x17819bb0                fuse_read
 .text.fuse_sense
                0x17819c1c       0xac drivers/built-in.o
                0x17819c1c                fuse_sense
 .text.fuse_prog
                0x17819cc8       0xa8 drivers/built-in.o
                0x17819cc8                fuse_prog
 .text.fuse_override
                0x17819d70       0x60 drivers/built-in.o
                0x17819d70                fuse_override
 .text.video_drawchars
                0x17819dd0      0x44c drivers/built-in.o
 .text.draw_bitmap
                0x1781a21c       0xdc drivers/built-in.o
 .text.console_newline.constprop.2
                0x1781a2f8       0xec drivers/built-in.o
 .text.video_putc
                0x1781a3e4      0x194 drivers/built-in.o
                0x1781a3e4                video_putc
 .text.video_puts
                0x1781a578       0x28 drivers/built-in.o
                0x1781a578                video_puts
 .text.board_cfb_skip
                0x1781a5a0        0x8 drivers/built-in.o
                0x1781a5a0                board_cfb_skip
 .text.display_rle8_bitmap
                0x1781a5a8      0x348 drivers/built-in.o
 .text.plot_logo_or_black
                0x1781a8f0      0x264 drivers/built-in.o
 .text.do_clrlogo
                0x1781ab54       0x58 drivers/built-in.o
 .text.video_display_bitmap
                0x1781abac      0x984 drivers/built-in.o
                0x1781abac                video_display_bitmap
 .text.video_clear
                0x1781b530       0x54 drivers/built-in.o
                0x1781b530                video_clear
 .text.drv_video_init
                0x1781b584      0x424 drivers/built-in.o
                0x1781b584                drv_video_init
 .text.mxcfb_map_video_memory
                0x1781b9a8       0x80 drivers/built-in.o
 .text.fb_videomode_to_var
                0x1781ba28       0x70 drivers/built-in.o
                0x1781ba28                fb_videomode_to_var
 .text.ipuv3_fb_shutdown
                0x1781ba98       0x60 drivers/built-in.o
                0x1781ba98                ipuv3_fb_shutdown
 .text.video_hw_init
                0x1781baf8      0x5ac drivers/built-in.o
                0x1781baf8                video_hw_init
 .text.video_set_lut
                0x1781c0a4        0x4 drivers/built-in.o
                0x1781c0a4                video_set_lut
 .text.ipuv3_fb_init
                0x1781c0a8       0x2c drivers/built-in.o
                0x1781c0a8                ipuv3_fb_init
 .text.clk_ipu_enable
                0x1781c0d4       0x20 drivers/built-in.o
 .text.clk_ipu_disable
                0x1781c0f4       0x1c drivers/built-in.o
 .text.ipu_pixel_clk_enable
                0x1781c110       0x28 drivers/built-in.o
 .text.ipu_pixel_clk_disable
                0x1781c138       0x24 drivers/built-in.o
 .text.ipu_pixel_clk_round_rate
                0x1781c15c      0x118 drivers/built-in.o
 .text.ipu_pixel_clk_set_rate
                0x1781c274       0xe8 drivers/built-in.o
 .text.ipu_pixel_clk_recalc
                0x1781c35c       0x7c drivers/built-in.o
 .text.ipu_pixel_clk_set_parent
                0x1781c3d8       0x84 drivers/built-in.o
 .text.clk_enable
                0x1781c45c       0x24 drivers/built-in.o
                0x1781c45c                clk_enable
 .text.clk_disable
                0x1781c480       0x30 drivers/built-in.o
                0x1781c480                clk_disable
 .text.clk_get_usecount
                0x1781c4b0        0xc drivers/built-in.o
                0x1781c4b0                clk_get_usecount
 .text.clk_get_rate
                0x1781c4bc        0xc drivers/built-in.o
                0x1781c4bc                clk_get_rate
 .text.clk_get_parent
                0x1781c4c8        0xc drivers/built-in.o
                0x1781c4c8                clk_get_parent
 .text.clk_set_rate
                0x1781c4d4       0x24 drivers/built-in.o
                0x1781c4d4                clk_set_rate
 .text.clk_round_rate
                0x1781c4f8       0x20 drivers/built-in.o
                0x1781c4f8                clk_round_rate
 .text.clk_set_parent
                0x1781c518       0x1c drivers/built-in.o
                0x1781c518                clk_set_parent
 .text.ipu_reset
                0x1781c534       0x50 drivers/built-in.o
                0x1781c534                ipu_reset
 .text.ipu_probe
                0x1781c584      0x10c drivers/built-in.o
                0x1781c584                ipu_probe
 .text.ipu_dump_registers
                0x1781c690        0x4 drivers/built-in.o
                0x1781c690                ipu_dump_registers
 .text.ipu_init_channel
                0x1781c694      0x1fc drivers/built-in.o
                0x1781c694                ipu_init_channel
 .text.ipu_uninit_channel
                0x1781c890      0x220 drivers/built-in.o
                0x1781c890                ipu_uninit_channel
 .text.ipu_enable_channel
                0x1781cab0       0xe8 drivers/built-in.o
                0x1781cab0                ipu_enable_channel
 .text.ipu_clear_buffer_ready
                0x1781cb98       0x7c drivers/built-in.o
                0x1781cb98                ipu_clear_buffer_ready
 .text.ipu_disable_channel
                0x1781cc14      0x198 drivers/built-in.o
                0x1781cc14                ipu_disable_channel
 .text.bytes_per_pixel
                0x1781cdac       0xec drivers/built-in.o
                0x1781cdac                bytes_per_pixel
 .text.ipu_init_channel_buffer
                0x1781ce98      0x5c0 drivers/built-in.o
                0x1781ce98                ipu_init_channel_buffer
 .text.format_to_colorspace
                0x1781d458       0xc4 drivers/built-in.o
                0x1781d458                format_to_colorspace
 .text.ipu_dc_map_config
                0x1781d51c       0x70 drivers/built-in.o
 .text.rgb_to_yuv
                0x1781d58c       0x70 drivers/built-in.o
 .text.ipu_dc_link_event
                0x1781d5fc      0x16c drivers/built-in.o
 .text.ipu_di_sync_config.constprop.2
                0x1781d768       0xf0 drivers/built-in.o
 .text.ipu_dmfc_init
                0x1781d858      0x158 drivers/built-in.o
                0x1781d858                ipu_dmfc_init
 .text.ipu_dmfc_set_wait4eot
                0x1781d9b0      0x130 drivers/built-in.o
                0x1781d9b0                ipu_dmfc_set_wait4eot
 .text.ipu_dp_csc_setup
                0x1781dae0      0x100 drivers/built-in.o
                0x1781dae0                ipu_dp_csc_setup
 .text.ipu_dp_init
                0x1781dbe0      0x218 drivers/built-in.o
                0x1781dbe0                ipu_dp_init
 .text.ipu_dp_uninit
                0x1781ddf8       0x94 drivers/built-in.o
                0x1781ddf8                ipu_dp_uninit
 .text.ipu_dc_init
                0x1781de8c      0x2c8 drivers/built-in.o
                0x1781de8c                ipu_dc_init
 .text.ipu_dc_uninit
                0x1781e154      0x1b8 drivers/built-in.o
                0x1781e154                ipu_dc_uninit
 .text.ipu_dp_dc_enable
                0x1781e30c      0x1ac drivers/built-in.o
                0x1781e30c                ipu_dp_dc_enable
 .text.ipu_dp_dc_disable
                0x1781e4b8      0x2e8 drivers/built-in.o
                0x1781e4b8                ipu_dp_dc_disable
 .text.ipu_init_dc_mappings
                0x1781e7a0      0x184 drivers/built-in.o
                0x1781e7a0                ipu_init_dc_mappings
 .text.ipu_pixfmt_to_map
                0x1781e924       0x9c drivers/built-in.o
                0x1781e924                ipu_pixfmt_to_map
 .text.adapt_panel_to_ipu_restricitions
                0x1781e9c0       0x74 drivers/built-in.o
                0x1781e9c0                adapt_panel_to_ipu_restricitions
 .text.ipu_init_sync_panel
                0x1781ea34      0x758 drivers/built-in.o
                0x1781ea34                ipu_init_sync_panel
 .text.ipu_disp_set_global_alpha
                0x1781f18c      0x100 drivers/built-in.o
                0x1781f18c                ipu_disp_set_global_alpha
 .text.ipu_disp_set_color_key
                0x1781f28c      0x1a4 drivers/built-in.o
                0x1781f28c                ipu_disp_set_color_key
 .text.reset_cpu
                0x1781f430       0x28 drivers/built-in.o
                0x1781f430                reset_cpu
 .text.gpio_set_value
                0x1781f458       0x44 drivers/gpio/built-in.o
                0x1781f458                gpio_set_value
 .text.gpio_get_value
                0x1781f49c       0x34 drivers/gpio/built-in.o
                0x1781f49c                gpio_get_value
 .text.gpio_direction_input
                0x1781f4d0       0x3c drivers/gpio/built-in.o
                0x1781f4d0                gpio_direction_input
 .text.gpio_direction_output
                0x1781f50c       0x50 drivers/gpio/built-in.o
                0x1781f50c                gpio_direction_output
 .text.i2c_get_adapter
                0x1781f55c       0x64 drivers/i2c/built-in.o
                0x1781f55c                i2c_get_adapter
 .text.i2c_init_bus
                0x1781f5c0       0x90 drivers/i2c/built-in.o
 .text.i2c_get_bus_num
                0x1781f650        0x8 drivers/i2c/built-in.o
                0x1781f650                i2c_get_bus_num
 .text.i2c_set_bus_num
                0x1781f658       0xb8 drivers/i2c/built-in.o
                0x1781f658                i2c_set_bus_num
 .text.i2c_init_all
                0x1781f710       0x14 drivers/i2c/built-in.o
                0x1781f710                i2c_init_all
 .text.i2c_probe
                0x1781f724       0x2c drivers/i2c/built-in.o
                0x1781f724                i2c_probe
 .text.i2c_read
                0x1781f750       0x4c drivers/i2c/built-in.o
                0x1781f750                i2c_read
 .text.i2c_write
                0x1781f79c       0x4c drivers/i2c/built-in.o
                0x1781f79c                i2c_write
 .text.i2c_set_bus_speed
                0x1781f7e8       0x64 drivers/i2c/built-in.o
                0x1781f7e8                i2c_set_bus_speed
 .text.i2c_get_bus_speed
                0x1781f84c       0x14 drivers/i2c/built-in.o
                0x1781f84c                i2c_get_bus_speed
 .text.__i2c_init
                0x1781f860       0x14 drivers/i2c/built-in.o
                0x1781f860                __i2c_init
                0x1781f860                i2c_init
 .text.wait_for_sr_state
                0x1781f874       0xb0 drivers/i2c/built-in.o
 .text.tx_byte  0x1781f924       0x2c drivers/i2c/built-in.o
 .text.i2c_imx_get_clk
                0x1781f950       0x64 drivers/i2c/built-in.o
 .text.i2c_imx_stop
                0x1781f9b4       0x3c drivers/i2c/built-in.o
 .text.i2c_init_transfer
                0x1781f9f0      0x1ec drivers/i2c/built-in.o
 .text.mxc_i2c_set_bus_speed
                0x1781fbdc       0x40 drivers/i2c/built-in.o
 .text.bus_i2c_read
                0x1781fc1c      0x100 drivers/i2c/built-in.o
                0x1781fc1c                bus_i2c_read
 .text.mxc_i2c_read
                0x1781fd1c       0x14 drivers/i2c/built-in.o
 .text.bus_i2c_write
                0x1781fd30       0x50 drivers/i2c/built-in.o
                0x1781fd30                bus_i2c_write
 .text.mxc_i2c_write
                0x1781fd80       0x14 drivers/i2c/built-in.o
 .text.mxc_i2c_probe
                0x1781fd94       0x30 drivers/i2c/built-in.o
 .text.bus_i2c_init
                0x1781fdc4       0x84 drivers/i2c/built-in.o
                0x1781fdc4                bus_i2c_init
 .text.mxc_i2c_init
                0x1781fe48       0x28 drivers/i2c/built-in.o
 .text.esdhc_getcd
                0x1781fe70       0x40 drivers/mmc/built-in.o
 .text.esdhc_set_ios
                0x1781feb0      0x110 drivers/mmc/built-in.o
 .text.esdhc_init
                0x1781ffc0       0xb0 drivers/mmc/built-in.o
 .text.esdhc_send_cmd
                0x17820070      0x380 drivers/mmc/built-in.o
 .text.fsl_esdhc_initialize
                0x178203f0      0x178 drivers/mmc/built-in.o
                0x178203f0                fsl_esdhc_initialize
 .text.fsl_esdhc_mmc_init
                0x17820568       0x34 drivers/mmc/built-in.o
                0x17820568                fsl_esdhc_mmc_init
 .text.mmc_set_ios
                0x1782059c       0x18 drivers/mmc/built-in.o
 .text.mmc_set_capacity
                0x178205b4       0xa8 drivers/mmc/built-in.o
 .text.board_mmc_getwp
                0x1782065c        0x8 drivers/mmc/built-in.o
                0x1782065c                board_mmc_getwp
 .text.mmc_getwp
                0x17820664       0x3c drivers/mmc/built-in.o
                0x17820664                mmc_getwp
 .text.mmc_send_cmd
                0x178206a0       0x10 drivers/mmc/built-in.o
                0x178206a0                mmc_send_cmd
 .text.mmc_go_idle
                0x178206b0       0x4c drivers/mmc/built-in.o
 .text.mmc_send_op_cond_iter
                0x178206fc       0x80 drivers/mmc/built-in.o
 .text.mmc_send_ext_csd
                0x1782077c       0x4c drivers/mmc/built-in.o
 .text.mmc_send_status
                0x178207c8       0xc4 drivers/mmc/built-in.o
                0x178207c8                mmc_send_status
 .text.mmc_switch.isra.1
                0x1782088c       0x54 drivers/mmc/built-in.o
 .text.mmc_set_blocklen
                0x178208e0       0x30 drivers/mmc/built-in.o
                0x178208e0                mmc_set_blocklen
 .text.find_mmc_device
                0x17820910       0x4c drivers/mmc/built-in.o
                0x17820910                find_mmc_device
 .text.mmc_bread
                0x1782095c      0x148 drivers/mmc/built-in.o
 .text.mmc_send_op_cond
                0x17820aa4       0x74 drivers/mmc/built-in.o
                0x17820aa4                mmc_send_op_cond
 .text.mmc_complete_op_cond
                0x17820b18       0x8c drivers/mmc/built-in.o
                0x17820b18                mmc_complete_op_cond
 .text.mmc_switch_part
                0x17820ba4       0x4c drivers/mmc/built-in.o
                0x17820ba4                mmc_switch_part
 .text.mmc_getcd
                0x17820bf0       0x3c drivers/mmc/built-in.o
                0x17820bf0                mmc_getcd
 .text.mmc_set_clock
                0x17820c2c       0x24 drivers/mmc/built-in.o
                0x17820c2c                mmc_set_clock
 .text.mmc_startup
                0x17820c50      0xac4 drivers/mmc/built-in.o
 .text.mmc_create
                0x17821714       0xfc drivers/mmc/built-in.o
                0x17821714                mmc_create
 .text.mmc_start_init
                0x17821810      0x220 drivers/mmc/built-in.o
                0x17821810                mmc_start_init
 .text.mmc_init
                0x17821a30       0x90 drivers/mmc/built-in.o
                0x17821a30                mmc_init
 .text.mmc_get_dev
                0x17821ac0       0x2c drivers/mmc/built-in.o
                0x17821ac0                mmc_get_dev
 .text.mmc_set_dsr
                0x17821aec        0xc drivers/mmc/built-in.o
                0x17821aec                mmc_set_dsr
 .text.print_mmc_devices
                0x17821af8       0x6c drivers/mmc/built-in.o
                0x17821af8                print_mmc_devices
 .text.get_mmc_num
                0x17821b64       0x10 drivers/mmc/built-in.o
                0x17821b64                get_mmc_num
 .text.mmc_initialize
                0x17821b74       0x74 drivers/mmc/built-in.o
                0x17821b74                mmc_initialize
 .text.mmc_boot_partition_size_change
                0x17821be8       0xc4 drivers/mmc/built-in.o
                0x17821be8                mmc_boot_partition_size_change
 .text.mmc_set_boot_bus_width
                0x17821cac       0x14 drivers/mmc/built-in.o
                0x17821cac                mmc_set_boot_bus_width
 .text.mmc_set_part_conf
                0x17821cc0       0x14 drivers/mmc/built-in.o
                0x17821cc0                mmc_set_part_conf
 .text.mmc_set_rst_n_function
                0x17821cd4        0xc drivers/mmc/built-in.o
                0x17821cd4                mmc_set_rst_n_function
 .text.mmc_berase
                0x17821ce0      0x198 drivers/mmc/built-in.o
                0x17821ce0                mmc_berase
 .text.mmc_bwrite
                0x17821e78      0x168 drivers/mmc/built-in.o
                0x17821e78                mmc_bwrite
 .text.spi_flash_read_write
                0x17821fe0       0x74 drivers/mtd/spi/built-in.o
 .text.spi_flash_cmd_read
                0x17822054       0x1c drivers/mtd/spi/built-in.o
                0x17822054                spi_flash_cmd_read
 .text.spi_flash_cmd
                0x17822070       0x28 drivers/mtd/spi/built-in.o
                0x17822070                spi_flash_cmd
 .text.spi_flash_cmd_write
                0x17822098       0x20 drivers/mtd/spi/built-in.o
                0x17822098                spi_flash_cmd_write
 .text.spi_flash_probe
                0x178220b8      0x380 drivers/mtd/spi/built-in.o
                0x178220b8                spi_flash_probe
 .text.spi_flash_free
                0x17822438       0x1c drivers/mtd/spi/built-in.o
                0x17822438                spi_flash_free
 .text.spi_flash_cmd_wait_ready
                0x17822454       0xdc drivers/mtd/spi/built-in.o
                0x17822454                spi_flash_cmd_wait_ready
 .text.spi_flash_write_common
                0x17822530       0x9c drivers/mtd/spi/built-in.o
                0x17822530                spi_flash_write_common
 .text.spi_flash_cmd_erase_ops
                0x178225cc       0xa8 drivers/mtd/spi/built-in.o
                0x178225cc                spi_flash_cmd_erase_ops
 .text.spi_flash_cmd_write_ops
                0x17822674       0xb8 drivers/mtd/spi/built-in.o
                0x17822674                spi_flash_cmd_write_ops
 .text.spi_flash_read_common
                0x1782272c       0x5c drivers/mtd/spi/built-in.o
                0x1782272c                spi_flash_read_common
 .text.spi_flash_cmd_read_ops
                0x17822788      0x12c drivers/mtd/spi/built-in.o
                0x17822788                spi_flash_cmd_read_ops
 .text.fec_set_hwaddr
                0x178228b4       0x78 drivers/net/built-in.o
 .text.fec_reg_setup
                0x1782292c       0x64 drivers/net/built-in.o
 .text.fec_phy_read
                0x17822990       0x7c drivers/net/built-in.o
                0x17822990                fec_phy_read
 .text.fec_phy_write
                0x17822a0c       0x74 drivers/net/built-in.o
                0x17822a0c                fec_phy_write
 .text.fec_halt
                0x17822a80       0x68 drivers/net/built-in.o
 .text.fec_send
                0x17822ae8      0x114 drivers/net/built-in.o
 .text.fec_mii_setspeed
                0x17822bfc       0x38 drivers/net/built-in.o
 .text.fec_init
                0x17822c34      0x270 drivers/net/built-in.o
 .text.fec_recv
                0x17822ea4      0x200 drivers/net/built-in.o
 .text.fec_probe
                0x178230a4      0x37c drivers/net/built-in.o
                0x178230a4                fec_probe
 .text.fec_get_miibus
                0x17823420       0xa4 drivers/net/built-in.o
                0x17823420                fec_get_miibus
 .text.fecmxc_initialize_multi
                0x178234c4       0x90 drivers/net/built-in.o
                0x178234c4                fecmxc_initialize_multi
 .text.fecmxc_initialize
                0x17823554       0x14 drivers/net/built-in.o
                0x17823554                fecmxc_initialize
 .text.genphy_shutdown
                0x17823568        0x8 drivers/net/phy/built-in.o
                0x17823568                genphy_shutdown
 .text.generic_ffs
                0x17823570       0x50 drivers/net/phy/built-in.o
 .text.phy_device_create
                0x178235c0       0xe4 drivers/net/phy/built-in.o
 .text.get_phy_device_by_mask
                0x178236a4      0x140 drivers/net/phy/built-in.o
 .text.genphy_restart_aneg
                0x178237e4       0x5c drivers/net/phy/built-in.o
                0x178237e4                genphy_restart_aneg
 .text.genphy_config_aneg
                0x17823840      0x1dc drivers/net/phy/built-in.o
                0x17823840                genphy_config_aneg
 .text.genphy_config
                0x17823a1c       0xb4 drivers/net/phy/built-in.o
                0x17823a1c                genphy_config
 .text.genphy_update_link
                0x17823ad0      0x140 drivers/net/phy/built-in.o
                0x17823ad0                genphy_update_link
 .text.genphy_parse_link
                0x17823c10      0x194 drivers/net/phy/built-in.o
                0x17823c10                genphy_parse_link
 .text.genphy_startup
                0x17823da4       0x1c drivers/net/phy/built-in.o
                0x17823da4                genphy_startup
 .text.phy_init
                0x17823dc0       0x10 drivers/net/phy/built-in.o
                0x17823dc0                phy_init
 .text.phy_register
                0x17823dd0       0x28 drivers/net/phy/built-in.o
                0x17823dd0                phy_register
 .text.phy_reset
                0x17823df8       0xac drivers/net/phy/built-in.o
                0x17823df8                phy_reset
 .text.phy_find_by_mask
                0x17823ea4       0x3c drivers/net/phy/built-in.o
                0x17823ea4                phy_find_by_mask
 .text.phy_connect_dev
                0x17823ee0       0x44 drivers/net/phy/built-in.o
                0x17823ee0                phy_connect_dev
 .text.phy_startup
                0x17823f24       0x1c drivers/net/phy/built-in.o
                0x17823f24                phy_startup
 .text.phy_config
                0x17823f40       0x10 drivers/net/phy/built-in.o
                0x17823f40                phy_config
 .text.phy_write.constprop.0
                0x17823f50       0x2c drivers/net/phy/built-in.o
 .text.ar8021_config
                0x17823f7c       0x38 drivers/net/phy/built-in.o
 .text.ar8035_config
                0x17823fb4       0xb4 drivers/net/phy/built-in.o
 .text.phy_atheros_init
                0x17824068       0x30 drivers/net/phy/built-in.o
                0x17824068                phy_atheros_init
 .text.get_current
                0x17824098       0x40 drivers/serial/built-in.o
 .text.serial_null
                0x178240d8        0x4 drivers/serial/built-in.o
                0x178240d8                jz_serial_initialize
                0x178240d8                bfin_serial_initialize
                0x178240d8                p3mx_serial_initialize
                0x178240d8                leon2_serial_initialize
                0x178240d8                leon3_serial_initialize
                0x178240d8                amirix_serial_initialize
                0x178240d8                marvell_serial_initialize
                0x178240d8                cpci750_serial_initialize
                0x178240d8                ns16550_serial_initialize
                0x178240d8                asc_serial_initialize
                0x178240d8                altera_serial_initialize
                0x178240d8                oc_serial_initialize
                0x178240d8                sh_serial_initialize
                0x178240d8                mxs_auart_initialize
                0x178240d8                arm_dcc_initialize
                0x178240d8                bmw_serial_initialize
                0x178240d8                arc_serial_initialize
                0x178240d8                mcf_serial_initialize
                0x178240d8                lh7a40x_serial_initialize
                0x178240d8                evb64260_serial_initialize
                0x178240d8                lpc32xx_serial_initialize
                0x178240d8                max3100_serial_initialize
                0x178240d8                mpc85xx_serial_initialize
                0x178240d8                imx_serial_initialize
                0x178240d8                bfin_jtag_initialize
                0x178240d8                cogent_serial_initialize
                0x178240d8                clps7111_serial_initialize
                0x178240d8                ml2_serial_initialize
                0x178240d8                sandbox_serial_initialize
                0x178240d8                s3c24xx_serial_initialize
                0x178240d8                sconsole_serial_initialize
                0x178240d8                uartlite_serial_initialize
                0x178240d8                au1x00_serial_initialize
                0x178240d8                pxa_serial_initialize
                0x178240d8                atmel_serial_initialize
                0x178240d8                pl01x_serial_initialize
                0x178240d8                altera_jtag_serial_initialize
                0x178240d8                zynq_serial_initalize
                0x178240d8                mpc512x_serial_initialize
                0x178240d8                s5p_serial_initialize
                0x178240d8                ks8695_serial_initialize
                0x178240d8                sa1100_serial_initialize
                0x178240d8                mpc8260_scc_serial_initialize
                0x178240d8                iop480_serial_initialize
                0x178240d8                mpc8xx_serial_initialize
                0x178240d8                mpc8260_smc_serial_initialize
                0x178240d8                mpc5xx_serial_initialize
 .text.serial_register
                0x178240dc       0x18 drivers/serial/built-in.o
                0x178240dc                serial_register
 .text.serial_stdio_init
                0x178240f4       0x88 drivers/serial/built-in.o
                0x178240f4                serial_stdio_init
 .text.serial_assign
                0x1782417c       0x4c drivers/serial/built-in.o
                0x1782417c                serial_assign
 .text.serial_initialize
                0x178241c8       0xd0 drivers/serial/built-in.o
                0x178241c8                serial_initialize
 .text.serial_init
                0x17824298       0x14 drivers/serial/built-in.o
                0x17824298                serial_init
 .text.serial_setbrg
                0x178242ac       0x14 drivers/serial/built-in.o
                0x178242ac                serial_setbrg
 .text.on_baudrate
                0x178242c0       0xec drivers/serial/built-in.o
 .text.serial_getc
                0x178243ac       0x14 drivers/serial/built-in.o
                0x178243ac                serial_getc
 .text.serial_tstc
                0x178243c0       0x14 drivers/serial/built-in.o
                0x178243c0                serial_tstc
 .text.serial_putc
                0x178243d4       0x1c drivers/serial/built-in.o
                0x178243d4                serial_putc
 .text.serial_puts
                0x178243f0       0x1c drivers/serial/built-in.o
                0x178243f0                serial_puts
 .text.default_serial_puts
                0x1782440c       0x30 drivers/serial/built-in.o
                0x1782440c                default_serial_puts
 .text.mxc_serial_getc
                0x1782443c       0x24 drivers/serial/built-in.o
 .text.mxc_serial_tstc
                0x17824460       0x18 drivers/serial/built-in.o
 .text.mxc_serial_putc
                0x17824478       0x28 drivers/serial/built-in.o
 .text.mxc_serial_setbrg
                0x178244a0       0x48 drivers/serial/built-in.o
 .text.mxc_serial_init
                0x178244e8       0x68 drivers/serial/built-in.o
 .text.mxc_serial_initialize
                0x17824550        0xc drivers/serial/built-in.o
                0x17824550                mxc_serial_initialize
 .text.default_serial_console
                0x1782455c        0xc drivers/serial/built-in.o
                0x1782455c                default_serial_console
 .text.spi_do_alloc_slave
                0x17824568       0x4c drivers/spi/built-in.o
                0x17824568                spi_do_alloc_slave
 .text.spi_cs_activate
                0x178245b4       0x18 drivers/spi/built-in.o
                0x178245b4                spi_cs_activate
 .text.spi_cs_deactivate
                0x178245cc       0x20 drivers/spi/built-in.o
                0x178245cc                spi_cs_deactivate
 .text.spi_xchg_single
                0x178245ec      0x1a4 drivers/spi/built-in.o
                0x178245ec                spi_xchg_single
 .text.spi_xfer
                0x17824790       0xb0 drivers/spi/built-in.o
                0x17824790                spi_xfer
 .text.spi_setup_slave
                0x17824840      0x214 drivers/spi/built-in.o
                0x17824840                spi_setup_slave
 .text.spi_free_slave
                0x17824a54        0x4 drivers/spi/built-in.o
                0x17824a54                spi_free_slave
 .text.spi_claim_bus
                0x17824a58       0x34 drivers/spi/built-in.o
                0x17824a58                spi_claim_bus
 .text.spi_release_bus
                0x17824a8c        0x4 drivers/spi/built-in.o