mmc.c:748:13:mmc_set_ios	0	static
mmc.c:525:12:mmc_set_capacity	16	static
mmc.c:23:12:board_mmc_getwp	0	static
mmc.c:28:5:mmc_getwp	8	static
mmc.c:44:5:__board_mmc_getcd	0	static
mmc.c:51:5:mmc_send_cmd	0	static
mmc.c:263:12:mmc_go_idle	40	static
mmc.c:350:12:mmc_send_op_cond_iter	16	static
mmc.c:435:12:mmc_send_ext_csd	56	static
mmc.c:109:5:mmc_send_status	48	static
mmc.c:457:12:mmc_switch.isra.1	40	static
mmc.c:157:5:mmc_set_blocklen	40	static
mmc.c:168:13:find_mmc_device	8	static
mmc.c:228:14:mmc_bread	80	static
mmc.c:374:5:mmc_send_op_cond	48	static
mmc.c:396:5:mmc_complete_op_cond	48	static
mmc.c:553:5:mmc_switch_part	16	static
mmc.c:570:5:mmc_getcd	8	static
mmc.c:754:6:mmc_set_clock	0	static
mmc.c:774:12:mmc_startup	1328	static
mmc.c:1171:18:mmc_register	8	static
mmc.c:1179:13:mmc_create	16	static
mmc.c:1218:6:mmc_destroy	0	static
mmc.c:1235:5:mmc_start_init	56	static
mmc.c:1310:5:mmc_init	8	static
mmc.c:1225:19:mmc_get_dev	8	static
mmc.c:1326:5:mmc_set_dsr	0	static
mmc.c:1336:12:__def_mmc_init	0	static
mmc.c:1346:6:print_mmc_devices	24	static
mmc.c:1367:5:get_mmc_num	0	static
mmc.c:1372:6:mmc_set_preinit	0	static
mmc.c:1391:5:mmc_initialize	16	static
mmc.c:1420:5:mmc_boot_partition_size_change	56	static
mmc.c:1482:5:mmc_set_boot_bus_width	0	static
mmc.c:1503:5:mmc_set_part_conf	0	static
mmc.c:1523:5:mmc_set_rst_n_function	0	static
