clock.c:709:12:enable_enet_pll	4	static
clock.c:191:12:get_ipg_clk	8	static
clock.c:216:12:get_uart_clk	8	static
clock.c:231:12:get_cspi_clk	8	static
clock.c:104:12:mxc_get_pll_pfd	16	static
clock.c:656:12:get_usdhc_clk	8	static
clock.c:26:6:enable_ocotp_clk	0	static
clock.c:39:6:enable_usboh3_clk	0	static
clock.c:54:5:enable_i2c_clk	0	static
clock.c:143:5:get_periph_clk	8	static
clock.c:242:12:get_axi_clk	8	static
clock.c:261:12:get_emi_slow_clk	8	static
clock.c:319:12:get_mmdc_ch0_clk	8	static
clock.c:899:5:do_mx6_showclocks	16	static
clock.c:610:5:enable_fec_anatop_clock	0	static
clock.c:699:5:imx_get_uartclk	0	static
clock.c:704:5:imx_get_fecclk	0	static
clock.c:764:5:enable_sata_clock	0	static
clock.c:771:5:enable_pcie_clock	0	static
clock.c:855:14:mxc_get_clock	8	static
clock.c:931:6:enable_ipu_clock	0	static
