soc.c:241:12:read_cpu_temperature	16	static
soc.c:60:5:get_cpu_rev	0	static
soc.c:87:12:get_board_rev	8	static
soc.c:101:6:init_aips	0	static
soc.c:342:6:check_cpu_temperature	8	static
soc.c:510:5:arch_cpu_init	8	static
soc.c:584:5:board_postclk_init	8	static
soc.c:605:6:enable_caches	8	static
soc.c:630:6:imx_get_mac_from_fuse	0	static
soc.c:711:6:boot_mode_apply	0	static
soc.c:746:18:get_boot_device	0	static
soc.c:789:6:s_init	8	static
soc.c:838:5:check_ldo_bypass	8	static
soc.c:862:5:check_1_2G	8	static
soc.c:893:6:set_arm_freq_400M	0	static
soc.c:903:6:prep_anatop_bypass	0	static
soc.c:926:6:set_wdog_reset	0	static
soc.c:948:5:set_anatop_bypass	8	static
soc.c:968:6:finish_anatop_bypass	0	static
soc.c:977:6:imx_enable_hdmi_phy	16	static
soc.c:993:6:imx_setup_hdmi	0	static
soc.c:1029:6:v7_outer_cache_enable	0	static
soc.c:1078:6:v7_outer_cache_disable	0	static
