mx6sabresd.c:1108:13:do_enable_hdmi	0	static
mx6sabresd.c:96:5:dram_init	0	static
mx6sabresd.c:511:6:ldo_mode_set	32	static
mx6sabresd.c:635:5:mmc_get_env_devno	0	static
mx6sabresd.c:659:5:mmc_map_to_kernel_blk	0	static
mx6sabresd.c:669:5:board_mmc_getcd	8	static
mx6sabresd.c:695:5:board_mmc_init	24	static
mx6sabresd.c:752:5:check_mmc_autodetect	8	static
mx6sabresd.c:764:6:board_late_mmc_env_init	72	static
mx6sabresd.c:1053:5:mx6_rgmii_rework	16	static
mx6sabresd.c:1076:5:board_phy_config	8	static
mx6sabresd.c:1156:5:board_video_skip	16	static
mx6sabresd.c:1262:5:overwrite_console	0	static
mx6sabresd.c:1267:5:board_eth_init	8	static
mx6sabresd.c:1275:5:board_early_init_f	8	static
mx6sabresd.c:1297:5:board_init	0	static
mx6sabresd.c:1321:5:board_late_init	40	static
mx6sabresd.c:1343:5:checkboard	8	static
mx6sabresd.c:1488:5:board_ehci_hcd_init	8	static
mx6sabresd.c:1509:5:board_ehci_power	8	static
