trace.h:95:19:trace_early_init	0	static
board_f.c:147:12:display_text_info	0	static
board_f.c:265:12:setup_mon_len	0	static
board_f.c:278:12:arch_cpu_init	0	static
board_f.c:430:12:reserve_round_4k	0	static
board_f.c:438:12:reserve_mmu	0	static
board_f.c:468:12:reserve_trace	0	static
board_f.c:492:12:reserve_uboot	0	static
board_f.c:515:12:reserve_malloc	0	static
board_f.c:535:12:setup_machine	0	static
board_f.c:543:12:reserve_global_data	0	static
board_f.c:552:12:reserve_fdt	0	static
board_f.c:571:12:reserve_stacks	0	static
board_f.c:615:12:display_new_sp	0	static
board_f.c:711:12:setup_baud_rate	0	static
board_f.c:737:12:setup_reloc	8	static
board_f.c:727:12:reloc_fdt	8	static
board_f.c:524:12:reserve_board	8	static
board_f.c:170:12:announce_dram_init	8	static
board_f.c:234:12:init_func_i2c	8	static
board_f.c:141:12:init_baud_rate	8	static
board_f.c:338:12:setup_fdt	8	static
board_f.c:780:12:mark_bootstage	8	static
board_f.c:81:13:__coloured_LED_init	0	static
board_f.c:84:13:__red_led_on	0	static
board_f.c:86:13:__red_led_off	0	static
board_f.c:88:13:__green_led_on	0	static
board_f.c:90:13:__green_led_off	0	static
board_f.c:92:13:__yellow_led_on	0	static
board_f.c:94:13:__yellow_led_off	0	static
board_f.c:96:13:__blue_led_on	0	static
board_f.c:98:13:__blue_led_off	0	static
board_f.c:133:6:__board_add_ram_info	0	static
board_f.c:195:12:show_dram_config	8	static
board_f.c:222:6:__dram_init_banksize	8	static
board_f.c:719:12:setup_dram_config	8	static
board_f.c:359:14:board_get_usable_ram_top	0	static
board_f.c:364:12:setup_dest_addr	8	static
board_f.c:971:6:board_init_f	184	static
