bootstage.h:337:19:bootstage_relocate	0	static
board_r.c:100:12:initr_trace	0	static
board_r.c:135:12:initr_reloc_global_data	0	static
board_r.c:252:12:initr_barrier	0	static
board_r.c:299:12:power_init_board	0	static
board_r.c:304:12:initr_announce	0	static
board_r.c:408:5:initr_mmc	8	static
board_r.c:734:12:run_main_loop	8	static
board_r.c:620:12:initr_net	8	static
board_r.c:547:12:initr_ethaddr	8	static
board_r.c:539:12:initr_enable_interrupts	8	static
board_r.c:507:12:initr_jumptable	8	static
board_r.c:447:12:initr_env	8	static
board_r.c:261:12:initr_malloc	8	static
board_r.c:169:12:initr_serial	8	static
board_r.c:122:12:initr_caches	8	static
board_r.c:109:12:initr_reloc	8	static
board_r.c:66:5:__board_flash_wp_on	0	static
board_r.c:79:6:__cpu_secondary_init_r	0	static
board_r.c:86:12:initr_secondary_cpu	8	static
board_r.c:130:12:fixup_cpu	0	static
board_r.c:960:6:board_init_r	8	static
