cmd_bootm.c:1491:13:copy_args	24	static
cmd_bootm.c:1141:12:image_info	16	static
cmd_bootm.c:1094:5:do_bootd	8	static
cmd_bootm.c:1614:12:do_bootm_rtems	8	static
cmd_bootm.c:1680:12:do_bootm_plan9	24	static
cmd_bootm.c:519:12:do_bootm_standalone	16	static
cmd_bootm.c:1509:12:do_bootm_netbsd	40	static
cmd_bootm.c:1123:12:do_iminfo	24	static
cmd_bootm.c:324:12:bootm_find_ramdisk.isra.18	16	static
cmd_bootm.c:340:12:bootm_find_fdt	32	static
cmd_bootm.c:179:13:__arch_preboot_os	0	static
cmd_bootm.c:632:12:do_bootm_states.isra.21.constprop	72	static
cmd_bootm.c:790:5:do_bootm	48	static
cmd_bootm.c:849:5:bootm_maybe_autostart	24	static
cmd_bootm.c:1730:6:do_bootvx_fdt	32	static
cmd_bootm.c:1784:12:do_bootm_vxworks	8	static
cmd_bootm.c:1864:12:bootz_setup	8	static
cmd_bootm.c:1925:5:do_bootz	48	static
