ehci-hcd.c:155:12:handshake	24	static
ehci-hcd.c:199:12:ehci_shutdown	16	static
ehci-hcd.c:232:12:ehci_td_buffer	16	static
ehci-hcd.c:277:1:ehci_submit_async	224	static
ehci-hcd.c:1116:1:disable_periodic.isra.0	8	static
ehci-hcd.c:1095:1:enable_periodic.isra.1	8	static
ehci-hcd.c:122:5:__ehci_get_port_speed	0	static
ehci-hcd.c:130:6:__ehci_set_usbmode	0	static
ehci-hcd.c:147:6:__ehci_powerup_fixup	0	static
ehci-hcd.c:639:18:ehci_get_portsc_register	0	static
ehci-hcd.c:651:1:ehci_submit_root	48	static
ehci-hcd.c:920:5:usb_lowlevel_stop	8	static
ehci-hcd.c:926:5:usb_lowlevel_init	40	static
ehci-hcd.c:1055:1:submit_bulk_msg	16	static
ehci-hcd.c:1067:1:submit_control_msg	24	static
ehci-hcd.c:1138:1:create_int_queue	80	static
ehci-hcd.c:1271:7:poll_int_queue	16	static
ehci-hcd.c:1300:1:destroy_int_queue	32	static
ehci-hcd.c:1345:1:submit_int_msg	40	static
